Component: ARM Compiler 6.16 Tool: armlink [5dfeaa00]

==============================================================================

Section Cross References

    main.o(.ARM.exidx.text.rom_addr_valid) refers to main.o(.text.rom_addr_valid) for [Anonymous Symbol]
    main.o(.text.init_led) refers to gd32c10x_rcu_1.o(.text.rcu_periph_clock_enable) for rcu_periph_clock_enable
    main.o(.text.init_led) refers to gd32c10x_gpio.o(.text.gpio_init) for gpio_init
    main.o(.ARM.exidx.text.init_led) refers to main.o(.text.init_led) for [Anonymous Symbol]
    main.o(.text.on_led) refers to gd32c10x_gpio.o(.text.gpio_bit_set) for gpio_bit_set
    main.o(.ARM.exidx.text.on_led) refers to main.o(.text.on_led) for [Anonymous Symbol]
    main.o(.text.flash_led) refers to gd32c10x_gpio.o(.text.gpio_output_bit_get) for gpio_output_bit_get
    main.o(.text.flash_led) refers to gd32c10x_gpio.o(.text.gpio_bit_reset) for gpio_bit_reset
    main.o(.text.flash_led) refers to gd32c10x_gpio.o(.text.gpio_bit_set) for gpio_bit_set
    main.o(.ARM.exidx.text.flash_led) refers to main.o(.text.flash_led) for [Anonymous Symbol]
    main.o(.text.off_led) refers to gd32c10x_gpio.o(.text.gpio_bit_reset) for gpio_bit_reset
    main.o(.ARM.exidx.text.off_led) refers to main.o(.text.off_led) for [Anonymous Symbol]
    main.o(.text.err_led) refers to delay.o(.text.delay_ms) for delay_ms
    main.o(.text.err_led) refers to gd32c10x_gpio.o(.text.gpio_bit_write) for gpio_bit_write
    main.o(.ARM.exidx.text.err_led) refers to main.o(.text.err_led) for [Anonymous Symbol]
    main.o(.text.main) refers to delay.o(.text.tim4_config) for tim4_config
    main.o(.text.main) refers to main.o(.text.init_led) for init_led
    main.o(.text.main) refers to main.o(.text.on_led) for on_led
    main.o(.text.main) refers to main.o(.text.rom_addr_valid) for rom_addr_valid
    main.o(.text.main) refers to gd32c10x_fmc.o(.text.fmc_unlock) for fmc_unlock
    main.o(.text.main) refers to gd32c10x_fmc.o(.text.fmc_flag_clear) for fmc_flag_clear
    main.o(.text.main) refers to gd32c10x_fmc.o(.text.fmc_page_erase) for fmc_page_erase
    main.o(.text.main) refers to gd32c10x_fmc.o(.text.fmc_word_program) for fmc_word_program
    main.o(.text.main) refers to gd32c10x_fmc.o(.text.fmc_lock) for fmc_lock
    main.o(.text.main) refers to main.o(.text.upgrade_to_rom1) for upgrade_to_rom1
    main.o(.text.main) refers to main.o(.bss.app_addr) for app_addr
    main.o(.text.main) refers to main.o(.text.off_led) for off_led
    main.o(.text.main) refers to main.o(.text.err_led) for err_led
    main.o(.ARM.exidx.text.main) refers to main.o(.text.main) for [Anonymous Symbol]
    main.o(.text.upgrade_to_rom1) refers to gd32c10x_fmc.o(.text.fmc_unlock) for fmc_unlock
    main.o(.text.upgrade_to_rom1) refers to gd32c10x_fmc.o(.text.fmc_flag_clear) for fmc_flag_clear
    main.o(.text.upgrade_to_rom1) refers to gd32c10x_fmc.o(.text.fmc_page_erase) for fmc_page_erase
    main.o(.text.upgrade_to_rom1) refers to gd32c10x_fmc.o(.text.fmc_word_program) for fmc_word_program
    main.o(.text.upgrade_to_rom1) refers to main.o(.text.flash_led) for flash_led
    main.o(.text.upgrade_to_rom1) refers to gd32c10x_fmc.o(.text.fmc_lock) for fmc_lock
    main.o(.ARM.exidx.text.upgrade_to_rom1) refers to main.o(.text.upgrade_to_rom1) for [Anonymous Symbol]
    delay.o(.text.delay_ms) refers to delay.o(.text.current_totaltick) for current_totaltick
    delay.o(.ARM.exidx.text.delay_ms) refers to delay.o(.text.delay_ms) for [Anonymous Symbol]
    delay.o(.text.current_totaltick) refers to delay.o(.bss.tim4cycles) for tim4cycles
    delay.o(.ARM.exidx.text.current_totaltick) refers to delay.o(.text.current_totaltick) for [Anonymous Symbol]
    delay.o(.text.delay_us) refers to delay.o(.text.current_totaltick) for current_totaltick
    delay.o(.ARM.exidx.text.delay_us) refers to delay.o(.text.delay_us) for [Anonymous Symbol]
    delay.o(.text.nvic_config) refers to gd32c10x_misc_1.o(.text.nvic_priority_group_set) for nvic_priority_group_set
    delay.o(.text.nvic_config) refers to gd32c10x_misc_1.o(.text.nvic_irq_enable) for nvic_irq_enable
    delay.o(.ARM.exidx.text.nvic_config) refers to delay.o(.text.nvic_config) for [Anonymous Symbol]
    delay.o(.text.tim4_config) refers to gd32c10x_rcu_1.o(.text.rcu_periph_clock_enable) for rcu_periph_clock_enable
    delay.o(.text.tim4_config) refers to gd32c10x_timer.o(.text.timer_deinit) for timer_deinit
    delay.o(.text.tim4_config) refers to gd32c10x_timer.o(.text.timer_struct_para_init) for timer_struct_para_init
    delay.o(.text.tim4_config) refers to gd32c10x_timer.o(.text.timer_init) for timer_init
    delay.o(.text.tim4_config) refers to gd32c10x_timer.o(.text.timer_interrupt_flag_clear) for timer_interrupt_flag_clear
    delay.o(.text.tim4_config) refers to gd32c10x_timer.o(.text.timer_interrupt_enable) for timer_interrupt_enable
    delay.o(.text.tim4_config) refers to delay.o(.text.nvic_config) for nvic_config
[...]
    Removing gd32c10x_exmc.o(.ARM.exidx.text.exmc_norsram_page_size_config), (8 bytes).
    Removing gd32c10x_exti.o(.text), (0 bytes).
    Removing gd32c10x_exti.o(.text.exti_deinit), (22 bytes).
    Removing gd32c10x_exti.o(.ARM.exidx.text.exti_deinit), (8 bytes).
    Removing gd32c10x_exti.o(.text.exti_init), (156 bytes).
    Removing gd32c10x_exti.o(.ARM.exidx.text.exti_init), (8 bytes).
    Removing gd32c10x_exti.o(.text.exti_interrupt_enable), (16 bytes).
    Removing gd32c10x_exti.o(.ARM.exidx.text.exti_interrupt_enable), (8 bytes).
    Removing gd32c10x_exti.o(.text.exti_event_enable), (16 bytes).
    Removing gd32c10x_exti.o(.ARM.exidx.text.exti_event_enable), (8 bytes).
    Removing gd32c10x_exti.o(.text.exti_interrupt_disable), (18 bytes).
    Removing gd32c10x_exti.o(.ARM.exidx.text.exti_interrupt_disable), (8 bytes).
    Removing gd32c10x_exti.o(.text.exti_event_disable), (18 bytes).
    Removing gd32c10x_exti.o(.ARM.exidx.text.exti_event_disable), (8 bytes).
    Removing gd32c10x_exti.o(.text.exti_flag_get), (18 bytes).
    Removing gd32c10x_exti.o(.ARM.exidx.text.exti_flag_get), (8 bytes).
    Removing gd32c10x_exti.o(.text.exti_flag_clear), (12 bytes).
    Removing gd32c10x_exti.o(.ARM.exidx.text.exti_flag_clear), (8 bytes).
    Removing gd32c10x_exti.o(.text.exti_interrupt_flag_get), (32 bytes).
    Removing gd32c10x_exti.o(.ARM.exidx.text.exti_interrupt_flag_get), (8 bytes).
    Removing gd32c10x_exti.o(.text.exti_interrupt_flag_clear), (12 bytes).
    Removing gd32c10x_exti.o(.ARM.exidx.text.exti_interrupt_flag_clear), (8 bytes).
    Removing gd32c10x_exti.o(.text.exti_software_interrupt_enable), (16 bytes).
    Removing gd32c10x_exti.o(.ARM.exidx.text.exti_software_interrupt_enable), (8 bytes).
    Removing gd32c10x_exti.o(.text.exti_software_interrupt_disable), (18 bytes).
    Removing gd32c10x_exti.o(.ARM.exidx.text.exti_software_interrupt_disable), (8 bytes).
    Removing gd32c10x_fmc.o(.text), (0 bytes).
    Removing gd32c10x_fmc.o(.text.fmc_prefetch_enable), (18 bytes).
    Removing gd32c10x_fmc.o(.ARM.exidx.text.fmc_prefetch_enable), (8 bytes).
    Removing gd32c10x_fmc.o(.text.fmc_prefetch_disable), (18 bytes).
    Removing gd32c10x_fmc.o(.ARM.exidx.text.fmc_prefetch_disable), (8 bytes).
    Removing gd32c10x_fmc.o(.text.fmc_ibus_enable), (18 bytes).
    Removing gd32c10x_fmc.o(.ARM.exidx.text.fmc_ibus_enable), (8 bytes).
    Removing gd32c10x_fmc.o(.text.fmc_ibus_disable), (18 bytes).
    Removing gd32c10x_fmc.o(.ARM.exidx.text.fmc_ibus_disable), (8 bytes).
    Removing gd32c10x_fmc.o(.text.fmc_dbus_enable), (18 bytes).
    Removing gd32c10x_fmc.o(.ARM.exidx.text.fmc_dbus_enable), (8 bytes).
    Removing gd32c10x_fmc.o(.text.fmc_dbus_disable), (18 bytes).
    Removing gd32c10x_fmc.o(.ARM.exidx.text.fmc_dbus_disable), (8 bytes).
    Removing gd32c10x_fmc.o(.text.fmc_ibus_reset), (18 bytes).
    Removing gd32c10x_fmc.o(.ARM.exidx.text.fmc_ibus_reset), (8 bytes).
    Removing gd32c10x_fmc.o(.text.fmc_dbus_reset), (18 bytes).
    Removing gd32c10x_fmc.o(.ARM.exidx.text.fmc_dbus_reset), (8 bytes).
    Removing gd32c10x_fmc.o(.text.fmc_program_width_set), (20 bytes).
    Removing gd32c10x_fmc.o(.ARM.exidx.text.fmc_program_width_set), (8 bytes).
    Removing gd32c10x_fmc.o(.ARM.exidx.text.fmc_unlock), (8 bytes).
    Removing gd32c10x_fmc.o(.ARM.exidx.text.fmc_lock), (8 bytes).
    Removing gd32c10x_fmc.o(.text.fmc_wscnt_set), (20 bytes).
    Removing gd32c10x_fmc.o(.ARM.exidx.text.fmc_wscnt_set), (8 bytes).
    Removing gd32c10x_fmc.o(.ARM.exidx.text.fmc_page_erase), (8 bytes).
    Removing gd32c10x_fmc.o(.ARM.exidx.text.fmc_ready_wait), (8 bytes).
    Removing gd32c10x_fmc.o(.text.fmc_mass_erase), (50 bytes).
    Removing gd32c10x_fmc.o(.ARM.exidx.text.fmc_mass_erase), (8 bytes).
    Removing gd32c10x_fmc.o(.text.fmc_doubleword_program), (72 bytes).
    Removing gd32c10x_fmc.o(.ARM.exidx.text.fmc_doubleword_program), (8 bytes).
    Removing gd32c10x_fmc.o(.ARM.exidx.text.fmc_word_program), (8 bytes).
    Removing gd32c10x_fmc.o(.text.ob_unlock), (38 bytes).
    Removing gd32c10x_fmc.o(.ARM.exidx.text.ob_unlock), (8 bytes).
    Removing gd32c10x_fmc.o(.text.ob_lock), (18 bytes).
    Removing gd32c10x_fmc.o(.ARM.exidx.text.ob_lock), (8 bytes).
    Removing gd32c10x_fmc.o(.text.ob_erase), (116 bytes).
    Removing gd32c10x_fmc.o(.ARM.exidx.text.ob_erase), (8 bytes).
    Removing gd32c10x_fmc.o(.text.ob_security_protection_flag_get), (16 bytes).
    Removing gd32c10x_fmc.o(.ARM.exidx.text.ob_security_protection_flag_get), (8 bytes).
    Removing gd32c10x_fmc.o(.text.ob_write_protection_enable), (158 bytes).
    Removing gd32c10x_fmc.o(.ARM.exidx.text.ob_write_protection_enable), (8 bytes).
    Removing gd32c10x_fmc.o(.text.ob_security_protection_config), (134 bytes).
    Removing gd32c10x_fmc.o(.ARM.exidx.text.ob_security_protection_config), (8 bytes).
    Removing gd32c10x_fmc.o(.text.ob_user_write), (152 bytes).
    Removing gd32c10x_fmc.o(.ARM.exidx.text.ob_user_write), (8 bytes).
    Removing gd32c10x_fmc.o(.text.ob_data_program), (138 bytes).
    Removing gd32c10x_fmc.o(.ARM.exidx.text.ob_data_program), (8 bytes).
    Removing gd32c10x_fmc.o(.text.ob_user_get), (16 bytes).
    Removing gd32c10x_fmc.o(.ARM.exidx.text.ob_user_get), (8 bytes).
    Removing gd32c10x_fmc.o(.text.ob_data_get), (16 bytes).
    Removing gd32c10x_fmc.o(.ARM.exidx.text.ob_data_get), (8 bytes).
    Removing gd32c10x_fmc.o(.text.ob_write_protection_get), (12 bytes).
    Removing gd32c10x_fmc.o(.ARM.exidx.text.ob_write_protection_get), (8 bytes).
    Removing gd32c10x_fmc.o(.text.fmc_flag_get), (18 bytes).
    Removing gd32c10x_fmc.o(.ARM.exidx.text.fmc_flag_get), (8 bytes).
    Removing gd32c10x_fmc.o(.ARM.exidx.text.fmc_flag_clear), (8 bytes).
    Removing gd32c10x_fmc.o(.text.fmc_interrupt_enable), (16 bytes).
    Removing gd32c10x_fmc.o(.ARM.exidx.text.fmc_interrupt_enable), (8 bytes).
    Removing gd32c10x_fmc.o(.text.fmc_interrupt_disable), (18 bytes).
    Removing gd32c10x_fmc.o(.ARM.exidx.text.fmc_interrupt_disable), (8 bytes).
    Removing gd32c10x_fmc.o(.text.fmc_interrupt_flag_get), (18 bytes).
    Removing gd32c10x_fmc.o(.ARM.exidx.text.fmc_interrupt_flag_get), (8 bytes).
    Removing gd32c10x_fmc.o(.text.fmc_interrupt_flag_clear), (12 bytes).
    Removing gd32c10x_fmc.o(.ARM.exidx.text.fmc_interrupt_flag_clear), (8 bytes).
    Removing gd32c10x_fmc.o(.ARM.exidx.text.fmc_state_get), (8 bytes).
    Removing gd32c10x_fwdgt.o(.text), (0 bytes).
    Removing gd32c10x_fwdgt.o(.text.fwdgt_write_enable), (16 bytes).
    Removing gd32c10x_fwdgt.o(.ARM.exidx.text.fwdgt_write_enable), (8 bytes).
    Removing gd32c10x_fwdgt.o(.text.fwdgt_write_disable), (14 bytes).
    Removing gd32c10x_fwdgt.o(.ARM.exidx.text.fwdgt_write_disable), (8 bytes).
    Removing gd32c10x_fwdgt.o(.text.fwdgt_enable), (16 bytes).
    Removing gd32c10x_fwdgt.o(.ARM.exidx.text.fwdgt_enable), (8 bytes).
    Removing gd32c10x_fwdgt.o(.text.fwdgt_counter_reload), (16 bytes).
    Removing gd32c10x_fwdgt.o(.ARM.exidx.text.fwdgt_counter_reload), (8 bytes).
    Removing gd32c10x_fwdgt.o(.text.fwdgt_config), (100 bytes).
    Removing gd32c10x_fwdgt.o(.ARM.exidx.text.fwdgt_config), (8 bytes).
    Removing gd32c10x_fwdgt.o(.text.fwdgt_flag_get), (18 bytes).
    Removing gd32c10x_fwdgt.o(.ARM.exidx.text.fwdgt_flag_get), (8 bytes).
    Removing gd32c10x_gpio.o(.text), (0 bytes).
    Removing gd32c10x_gpio.o(.text.gpio_deinit), (74 bytes).
    Removing gd32c10x_gpio.o(.ARM.exidx.text.gpio_deinit), (8 bytes).
    Removing gd32c10x_gpio.o(.text.gpio_afio_deinit), (20 bytes).
    Removing gd32c10x_gpio.o(.ARM.exidx.text.gpio_afio_deinit), (8 bytes).
    Removing gd32c10x_gpio.o(.ARM.exidx.text.gpio_init), (8 bytes).
    Removing gd32c10x_gpio.o(.ARM.exidx.text.gpio_bit_set), (8 bytes).
    Removing gd32c10x_gpio.o(.ARM.exidx.text.gpio_bit_reset), (8 bytes).
    Removing gd32c10x_gpio.o(.ARM.exidx.text.gpio_bit_write), (8 bytes).
    Removing gd32c10x_gpio.o(.text.gpio_port_write), (4 bytes).
    Removing gd32c10x_gpio.o(.ARM.exidx.text.gpio_port_write), (8 bytes).
    Removing gd32c10x_gpio.o(.text.gpio_input_bit_get), (10 bytes).
    Removing gd32c10x_gpio.o(.ARM.exidx.text.gpio_input_bit_get), (8 bytes).
    Removing gd32c10x_gpio.o(.text.gpio_input_port_get), (6 bytes).
    Removing gd32c10x_gpio.o(.ARM.exidx.text.gpio_input_port_get), (8 bytes).
    Removing gd32c10x_gpio.o(.ARM.exidx.text.gpio_output_bit_get), (8 bytes).
    Removing gd32c10x_gpio.o(.text.gpio_output_port_get), (6 bytes).
    Removing gd32c10x_gpio.o(.ARM.exidx.text.gpio_output_port_get), (8 bytes).
    Removing gd32c10x_gpio.o(.text.gpio_pin_remap_config), (122 bytes).
    Removing gd32c10x_gpio.o(.ARM.exidx.text.gpio_pin_remap_config), (8 bytes).
    Removing gd32c10x_gpio.o(.text.gpio_exti_source_select), (132 bytes).
    Removing gd32c10x_gpio.o(.ARM.exidx.text.gpio_exti_source_select), (8 bytes).
    Removing gd32c10x_gpio.o(.text.gpio_event_output_config), (22 bytes).
    Removing gd32c10x_gpio.o(.ARM.exidx.text.gpio_event_output_config), (8 bytes).
    Removing gd32c10x_gpio.o(.text.gpio_event_output_enable), (16 bytes).
    Removing gd32c10x_gpio.o(.ARM.exidx.text.gpio_event_output_enable), (8 bytes).
    Removing gd32c10x_gpio.o(.text.gpio_event_output_disable), (16 bytes).
    Removing gd32c10x_gpio.o(.ARM.exidx.text.gpio_event_output_disable), (8 bytes).
    Removing gd32c10x_gpio.o(.text.gpio_pin_lock), (16 bytes).
    Removing gd32c10x_gpio.o(.ARM.exidx.text.gpio_pin_lock), (8 bytes).
    Removing gd32c10x_gpio.o(.text.gpio_compensation_config), (18 bytes).
    Removing gd32c10x_gpio.o(.ARM.exidx.text.gpio_compensation_config), (8 bytes).
    Removing gd32c10x_gpio.o(.text.gpio_compensation_flag_get), (14 bytes).
    Removing gd32c10x_gpio.o(.ARM.exidx.text.gpio_compensation_flag_get), (8 bytes).
    Removing gd32c10x_i2c.o(.text), (0 bytes).
    Removing gd32c10x_i2c.o(.text.i2c_deinit), (52 bytes).
    Removing gd32c10x_i2c.o(.ARM.exidx.text.i2c_deinit), (8 bytes).
    Removing gd32c10x_i2c.o(.text.i2c_clock_config), (302 bytes).
    Removing gd32c10x_i2c.o(.ARM.exidx.text.i2c_clock_config), (8 bytes).
    Removing gd32c10x_i2c.o(.text.i2c_mode_addr_config), (26 bytes).
    Removing gd32c10x_i2c.o(.ARM.exidx.text.i2c_mode_addr_config), (8 bytes).
    Removing gd32c10x_i2c.o(.text.i2c_smbus_type_config), (16 bytes).
    Removing gd32c10x_i2c.o(.ARM.exidx.text.i2c_smbus_type_config), (8 bytes).
    Removing gd32c10x_i2c.o(.text.i2c_ack_config), (18 bytes).
    Removing gd32c10x_i2c.o(.ARM.exidx.text.i2c_ack_config), (8 bytes).
    Removing gd32c10x_i2c.o(.text.i2c_ackpos_config), (18 bytes).
    Removing gd32c10x_i2c.o(.ARM.exidx.text.i2c_ackpos_config), (8 bytes).
    Removing gd32c10x_i2c.o(.text.i2c_master_addressing), (14 bytes).
    Removing gd32c10x_i2c.o(.ARM.exidx.text.i2c_master_addressing), (8 bytes).
    Removing gd32c10x_i2c.o(.text.i2c_dualaddr_enable), (10 bytes).
    Removing gd32c10x_i2c.o(.ARM.exidx.text.i2c_dualaddr_enable), (8 bytes).
    Removing gd32c10x_i2c.o(.text.i2c_dualaddr_disable), (10 bytes).
    Removing gd32c10x_i2c.o(.ARM.exidx.text.i2c_dualaddr_disable), (8 bytes).
    Removing gd32c10x_i2c.o(.text.i2c_enable), (10 bytes).
    Removing gd32c10x_i2c.o(.ARM.exidx.text.i2c_enable), (8 bytes).
    Removing gd32c10x_i2c.o(.text.i2c_disable), (10 bytes).
    Removing gd32c10x_i2c.o(.ARM.exidx.text.i2c_disable), (8 bytes).
    Removing gd32c10x_i2c.o(.text.i2c_start_on_bus), (10 bytes).
    Removing gd32c10x_i2c.o(.ARM.exidx.text.i2c_start_on_bus), (8 bytes).
    Removing gd32c10x_i2c.o(.text.i2c_stop_on_bus), (10 bytes).
    Removing gd32c10x_i2c.o(.ARM.exidx.text.i2c_stop_on_bus), (8 bytes).
    Removing gd32c10x_i2c.o(.text.i2c_data_transmit), (4 bytes).
    Removing gd32c10x_i2c.o(.ARM.exidx.text.i2c_data_transmit), (8 bytes).
    Removing gd32c10x_i2c.o(.text.i2c_data_receive), (6 bytes).
    Removing gd32c10x_i2c.o(.ARM.exidx.text.i2c_data_receive), (8 bytes).
    Removing gd32c10x_i2c.o(.text.i2c_dma_enable), (12 bytes).
    Removing gd32c10x_i2c.o(.ARM.exidx.text.i2c_dma_enable), (8 bytes).
    Removing gd32c10x_i2c.o(.text.i2c_dma_last_transfer_config), (12 bytes).
    Removing gd32c10x_i2c.o(.ARM.exidx.text.i2c_dma_last_transfer_config), (8 bytes).
    Removing gd32c10x_i2c.o(.text.i2c_stretch_scl_low_config), (12 bytes).
    Removing gd32c10x_i2c.o(.ARM.exidx.text.i2c_stretch_scl_low_config), (8 bytes).
    Removing gd32c10x_i2c.o(.text.i2c_slave_response_to_gcall_config), (12 bytes).
    Removing gd32c10x_i2c.o(.ARM.exidx.text.i2c_slave_response_to_gcall_config), (8 bytes).
    Removing gd32c10x_i2c.o(.text.i2c_software_reset_config), (12 bytes).
    Removing gd32c10x_i2c.o(.ARM.exidx.text.i2c_software_reset_config), (8 bytes).
    Removing gd32c10x_i2c.o(.text.i2c_pec_enable), (12 bytes).
    Removing gd32c10x_i2c.o(.ARM.exidx.text.i2c_pec_enable), (8 bytes).
    Removing gd32c10x_i2c.o(.text.i2c_pec_transfer_enable), (12 bytes).
    Removing gd32c10x_i2c.o(.ARM.exidx.text.i2c_pec_transfer_enable), (8 bytes).
    Removing gd32c10x_i2c.o(.text.i2c_pec_value_get), (8 bytes).
    Removing gd32c10x_i2c.o(.ARM.exidx.text.i2c_pec_value_get), (8 bytes).
    Removing gd32c10x_i2c.o(.text.i2c_smbus_issue_alert), (12 bytes).
    Removing gd32c10x_i2c.o(.ARM.exidx.text.i2c_smbus_issue_alert), (8 bytes).
    Removing gd32c10x_i2c.o(.text.i2c_smbus_arp_enable), (12 bytes).
    Removing gd32c10x_i2c.o(.ARM.exidx.text.i2c_smbus_arp_enable), (8 bytes).
    Removing gd32c10x_i2c.o(.text.i2c_sam_enable), (14 bytes).
    Removing gd32c10x_i2c.o(.ARM.exidx.text.i2c_sam_enable), (8 bytes).
    Removing gd32c10x_i2c.o(.text.i2c_sam_disable), (14 bytes).
    Removing gd32c10x_i2c.o(.ARM.exidx.text.i2c_sam_disable), (8 bytes).
    Removing gd32c10x_i2c.o(.text.i2c_sam_timeout_enable), (14 bytes).
    Removing gd32c10x_i2c.o(.ARM.exidx.text.i2c_sam_timeout_enable), (8 bytes).
    Removing gd32c10x_i2c.o(.text.i2c_sam_timeout_disable), (14 bytes).
    Removing gd32c10x_i2c.o(.ARM.exidx.text.i2c_sam_timeout_disable), (8 bytes).
    Removing gd32c10x_i2c.o(.text.i2c_flag_get), (16 bytes).
    Removing gd32c10x_i2c.o(.ARM.exidx.text.i2c_flag_get), (8 bytes).
    Removing gd32c10x_i2c.o(.text.i2c_flag_clear), (38 bytes).
    Removing gd32c10x_i2c.o(.ARM.exidx.text.i2c_flag_clear), (8 bytes).
    Removing gd32c10x_i2c.o(.text.i2c_interrupt_enable), (22 bytes).
    Removing gd32c10x_i2c.o(.ARM.exidx.text.i2c_interrupt_enable), (8 bytes).
    Removing gd32c10x_i2c.o(.text.i2c_interrupt_disable), (24 bytes).
    Removing gd32c10x_i2c.o(.ARM.exidx.text.i2c_interrupt_disable), (8 bytes).
    Removing gd32c10x_i2c.o(.text.i2c_interrupt_flag_get), (80 bytes).
    Removing gd32c10x_i2c.o(.ARM.exidx.text.i2c_interrupt_flag_get), (8 bytes).
    Removing gd32c10x_i2c.o(.text.i2c_interrupt_flag_clear), (42 bytes).
    Removing gd32c10x_i2c.o(.ARM.exidx.text.i2c_interrupt_flag_clear), (8 bytes).
    Removing gd32c10x_misc_1.o(.text), (0 bytes).
    Removing gd32c10x_misc_1.o(.ARM.exidx.text.nvic_priority_group_set), (8 bytes).
    Removing gd32c10x_misc_1.o(.ARM.exidx.text.nvic_irq_enable), (8 bytes).
    Removing gd32c10x_misc_1.o(.text.nvic_irq_disable), (30 bytes).
    Removing gd32c10x_misc_1.o(.ARM.exidx.text.nvic_irq_disable), (8 bytes).
    Removing gd32c10x_misc_1.o(.ARM.exidx.text.nvic_vector_table_set), (8 bytes).
    Removing gd32c10x_misc_1.o(.text.system_lowpower_set), (16 bytes).
    Removing gd32c10x_misc_1.o(.ARM.exidx.text.system_lowpower_set), (8 bytes).
    Removing gd32c10x_misc_1.o(.text.system_lowpower_reset), (18 bytes).
    Removing gd32c10x_misc_1.o(.ARM.exidx.text.system_lowpower_reset), (8 bytes).
    Removing gd32c10x_misc_1.o(.text.systick_clksource_set), (24 bytes).
    Removing gd32c10x_misc_1.o(.ARM.exidx.text.systick_clksource_set), (8 bytes).
    Removing gd32c10x_pmu_1.o(.text), (0 bytes).
    Removing gd32c10x_pmu_1.o(.text.pmu_deinit), (20 bytes).
    Removing gd32c10x_pmu_1.o(.ARM.exidx.text.pmu_deinit), (8 bytes).
    Removing gd32c10x_pmu_1.o(.text.pmu_lvd_select), (40 bytes).
    Removing gd32c10x_pmu_1.o(.ARM.exidx.text.pmu_lvd_select), (8 bytes).
    Removing gd32c10x_pmu_1.o(.text.pmu_ldo_output_select), (24 bytes).
    Removing gd32c10x_pmu_1.o(.ARM.exidx.text.pmu_ldo_output_select), (8 bytes).
    Removing gd32c10x_pmu_1.o(.text.pmu_lvd_disable), (18 bytes).
    Removing gd32c10x_pmu_1.o(.ARM.exidx.text.pmu_lvd_disable), (8 bytes).
    Removing gd32c10x_pmu_1.o(.text.pmu_to_sleepmode), (26 bytes).
    Removing gd32c10x_pmu_1.o(.ARM.exidx.text.pmu_to_sleepmode), (8 bytes).
    Removing gd32c10x_pmu_1.o(.text.pmu_to_deepsleepmode), (198 bytes).
    Removing gd32c10x_pmu_1.o(.ARM.exidx.text.pmu_to_deepsleepmode), (8 bytes).
    Removing gd32c10x_pmu_1.o(.text.pmu_to_standbymode), (50 bytes).
    Removing gd32c10x_pmu_1.o(.ARM.exidx.text.pmu_to_standbymode), (8 bytes).
    Removing gd32c10x_pmu_1.o(.text.pmu_wakeup_pin_enable), (18 bytes).
    Removing gd32c10x_pmu_1.o(.ARM.exidx.text.pmu_wakeup_pin_enable), (8 bytes).
    Removing gd32c10x_pmu_1.o(.text.pmu_wakeup_pin_disable), (18 bytes).
    Removing gd32c10x_pmu_1.o(.ARM.exidx.text.pmu_wakeup_pin_disable), (8 bytes).
    Removing gd32c10x_pmu_1.o(.text.pmu_backup_write_enable), (18 bytes).
    Removing gd32c10x_pmu_1.o(.ARM.exidx.text.pmu_backup_write_enable), (8 bytes).
    Removing gd32c10x_pmu_1.o(.text.pmu_backup_write_disable), (18 bytes).
    Removing gd32c10x_pmu_1.o(.ARM.exidx.text.pmu_backup_write_disable), (8 bytes).
    Removing gd32c10x_pmu_1.o(.text.pmu_flag_clear), (30 bytes).
    Removing gd32c10x_pmu_1.o(.ARM.exidx.text.pmu_flag_clear), (8 bytes).
    Removing gd32c10x_pmu_1.o(.text.pmu_flag_get), (18 bytes).
    Removing gd32c10x_pmu_1.o(.ARM.exidx.text.pmu_flag_get), (8 bytes).
    Removing gd32c10x_pmu_1.o(.bss.pmu_to_deepsleepmode.reg_snap.0), (4 bytes).
    Removing gd32c10x_pmu_1.o(.bss.pmu_to_deepsleepmode.reg_snap.1), (4 bytes).
    Removing gd32c10x_pmu_1.o(.bss.pmu_to_deepsleepmode.reg_snap.2), (4 bytes).
    Removing gd32c10x_pmu_1.o(.bss.pmu_to_deepsleepmode.reg_snap.3), (4 bytes).
    Removing gd32c10x_rcu_1.o(.text), (0 bytes).
    Removing gd32c10x_rcu_1.o(.text.rcu_deinit), (86 bytes).
    Removing gd32c10x_rcu_1.o(.ARM.exidx.text.rcu_deinit), (8 bytes).
    Removing gd32c10x_rcu_1.o(.text.rcu_osci_stab_wait), (354 bytes).
    Removing gd32c10x_rcu_1.o(.ARM.exidx.text.rcu_osci_stab_wait), (8 bytes).
    Removing gd32c10x_rcu_1.o(.ARM.exidx.text.rcu_periph_clock_enable), (8 bytes).
    Removing gd32c10x_rcu_1.o(.text.rcu_periph_clock_disable), (32 bytes).
    Removing gd32c10x_rcu_1.o(.ARM.exidx.text.rcu_periph_clock_disable), (8 bytes).
    Removing gd32c10x_rcu_1.o(.text.rcu_periph_clock_sleep_enable), (30 bytes).
    Removing gd32c10x_rcu_1.o(.ARM.exidx.text.rcu_periph_clock_sleep_enable), (8 bytes).
    Removing gd32c10x_rcu_1.o(.text.rcu_periph_clock_sleep_disable), (32 bytes).
    Removing gd32c10x_rcu_1.o(.ARM.exidx.text.rcu_periph_clock_sleep_disable), (8 bytes).
    Removing gd32c10x_rcu_1.o(.ARM.exidx.text.rcu_periph_reset_enable), (8 bytes).
    Removing gd32c10x_rcu_1.o(.ARM.exidx.text.rcu_periph_reset_disable), (8 bytes).
    Removing gd32c10x_rcu_1.o(.text.rcu_bkp_reset_enable), (18 bytes).
    Removing gd32c10x_rcu_1.o(.ARM.exidx.text.rcu_bkp_reset_enable), (8 bytes).
    Removing gd32c10x_rcu_1.o(.text.rcu_bkp_reset_disable), (18 bytes).
    Removing gd32c10x_rcu_1.o(.ARM.exidx.text.rcu_bkp_reset_disable), (8 bytes).
    Removing gd32c10x_rcu_1.o(.text.rcu_system_clock_source_config), (20 bytes).
    Removing gd32c10x_rcu_1.o(.ARM.exidx.text.rcu_system_clock_source_config), (8 bytes).
    Removing gd32c10x_rcu_1.o(.text.rcu_system_clock_source_get), (16 bytes).
    Removing gd32c10x_rcu_1.o(.ARM.exidx.text.rcu_system_clock_source_get), (8 bytes).
    Removing gd32c10x_rcu_1.o(.text.rcu_ahb_clock_config), (20 bytes).
    Removing gd32c10x_rcu_1.o(.ARM.exidx.text.rcu_ahb_clock_config), (8 bytes).
    Removing gd32c10x_rcu_1.o(.text.rcu_apb1_clock_config), (20 bytes).
    Removing gd32c10x_rcu_1.o(.ARM.exidx.text.rcu_apb1_clock_config), (8 bytes).
    Removing gd32c10x_rcu_1.o(.text.rcu_apb2_clock_config), (20 bytes).
    Removing gd32c10x_rcu_1.o(.ARM.exidx.text.rcu_apb2_clock_config), (8 bytes).
    Removing gd32c10x_rcu_1.o(.text.rcu_ckout0_config), (20 bytes).
    Removing gd32c10x_rcu_1.o(.ARM.exidx.text.rcu_ckout0_config), (8 bytes).
    Removing gd32c10x_rcu_1.o(.text.rcu_pll_config), (32 bytes).
    Removing gd32c10x_rcu_1.o(.ARM.exidx.text.rcu_pll_config), (8 bytes).
    Removing gd32c10x_rcu_1.o(.text.rcu_pllpresel_config), (20 bytes).
    Removing gd32c10x_rcu_1.o(.ARM.exidx.text.rcu_pllpresel_config), (8 bytes).
    Removing gd32c10x_rcu_1.o(.text.rcu_predv0_config), (32 bytes).
    Removing gd32c10x_rcu_1.o(.ARM.exidx.text.rcu_predv0_config), (8 bytes).
    Removing gd32c10x_rcu_1.o(.text.rcu_predv1_config), (20 bytes).
    Removing gd32c10x_rcu_1.o(.ARM.exidx.text.rcu_predv1_config), (8 bytes).
    Removing gd32c10x_rcu_1.o(.text.rcu_pll1_config), (24 bytes).
    Removing gd32c10x_rcu_1.o(.ARM.exidx.text.rcu_pll1_config), (8 bytes).
    Removing gd32c10x_rcu_1.o(.text.rcu_pll2_config), (24 bytes).
    Removing gd32c10x_rcu_1.o(.ARM.exidx.text.rcu_pll2_config), (8 bytes).
    Removing gd32c10x_rcu_1.o(.text.rcu_adc_clock_config), (114 bytes).
    Removing gd32c10x_rcu_1.o(.ARM.exidx.text.rcu_adc_clock_config), (8 bytes).
    Removing gd32c10x_rcu_1.o(.text.rcu_usb_clock_config), (20 bytes).
    Removing gd32c10x_rcu_1.o(.ARM.exidx.text.rcu_usb_clock_config), (8 bytes).
    Removing gd32c10x_rcu_1.o(.text.rcu_rtc_clock_config), (20 bytes).
    Removing gd32c10x_rcu_1.o(.ARM.exidx.text.rcu_rtc_clock_config), (8 bytes).
    Removing gd32c10x_rcu_1.o(.text.rcu_i2s1_clock_config), (20 bytes).
    Removing gd32c10x_rcu_1.o(.ARM.exidx.text.rcu_i2s1_clock_config), (8 bytes).
    Removing gd32c10x_rcu_1.o(.text.rcu_i2s2_clock_config), (20 bytes).
    Removing gd32c10x_rcu_1.o(.ARM.exidx.text.rcu_i2s2_clock_config), (8 bytes).
    Removing gd32c10x_rcu_1.o(.text.rcu_ck48m_clock_config), (20 bytes).
    Removing gd32c10x_rcu_1.o(.ARM.exidx.text.rcu_ck48m_clock_config), (8 bytes).
    Removing gd32c10x_rcu_1.o(.text.rcu_flag_get), (26 bytes).
    Removing gd32c10x_rcu_1.o(.ARM.exidx.text.rcu_flag_get), (8 bytes).
    Removing gd32c10x_rcu_1.o(.text.rcu_all_reset_flag_clear), (18 bytes).
    Removing gd32c10x_rcu_1.o(.ARM.exidx.text.rcu_all_reset_flag_clear), (8 bytes).
    Removing gd32c10x_rcu_1.o(.text.rcu_interrupt_flag_get), (26 bytes).
    Removing gd32c10x_rcu_1.o(.ARM.exidx.text.rcu_interrupt_flag_get), (8 bytes).
    Removing gd32c10x_rcu_1.o(.text.rcu_interrupt_flag_clear), (30 bytes).
    Removing gd32c10x_rcu_1.o(.ARM.exidx.text.rcu_interrupt_flag_clear), (8 bytes).
    Removing gd32c10x_rcu_1.o(.text.rcu_interrupt_enable), (30 bytes).
    Removing gd32c10x_rcu_1.o(.ARM.exidx.text.rcu_interrupt_enable), (8 bytes).
    Removing gd32c10x_rcu_1.o(.text.rcu_interrupt_disable), (32 bytes).
    Removing gd32c10x_rcu_1.o(.ARM.exidx.text.rcu_interrupt_disable), (8 bytes).
    Removing gd32c10x_rcu_1.o(.text.rcu_lxtal_drive_capability_config), (20 bytes).
    Removing gd32c10x_rcu_1.o(.ARM.exidx.text.rcu_lxtal_drive_capability_config), (8 bytes).
    Removing gd32c10x_rcu_1.o(.text.rcu_osci_on), (30 bytes).
    Removing gd32c10x_rcu_1.o(.ARM.exidx.text.rcu_osci_on), (8 bytes).
    Removing gd32c10x_rcu_1.o(.text.rcu_osci_off), (32 bytes).
    Removing gd32c10x_rcu_1.o(.ARM.exidx.text.rcu_osci_off), (8 bytes).
    Removing gd32c10x_rcu_1.o(.text.rcu_osci_bypass_mode_enable), (64 bytes).
    Removing gd32c10x_rcu_1.o(.ARM.exidx.text.rcu_osci_bypass_mode_enable), (8 bytes).
    Removing gd32c10x_rcu_1.o(.text.rcu_osci_bypass_mode_disable), (64 bytes).
    Removing gd32c10x_rcu_1.o(.ARM.exidx.text.rcu_osci_bypass_mode_disable), (8 bytes).
    Removing gd32c10x_rcu_1.o(.text.rcu_hxtal_clock_monitor_enable), (18 bytes).
    Removing gd32c10x_rcu_1.o(.ARM.exidx.text.rcu_hxtal_clock_monitor_enable), (8 bytes).
    Removing gd32c10x_rcu_1.o(.text.rcu_hxtal_clock_monitor_disable), (18 bytes).
    Removing gd32c10x_rcu_1.o(.ARM.exidx.text.rcu_hxtal_clock_monitor_disable), (8 bytes).
    Removing gd32c10x_rcu_1.o(.text.rcu_irc8m_adjust_value_set), (18 bytes).
    Removing gd32c10x_rcu_1.o(.ARM.exidx.text.rcu_irc8m_adjust_value_set), (8 bytes).
    Removing gd32c10x_rcu_1.o(.text.rcu_deepsleep_voltage_set), (16 bytes).
    Removing gd32c10x_rcu_1.o(.ARM.exidx.text.rcu_deepsleep_voltage_set), (8 bytes).
    Removing gd32c10x_rcu_1.o(.text.rcu_clock_freq_get), (260 bytes).
    Removing gd32c10x_rcu_1.o(.ARM.exidx.text.rcu_clock_freq_get), (8 bytes).
    Removing gd32c10x_rtc.o(.text), (0 bytes).
    Removing gd32c10x_rtc.o(.text.rtc_configuration_mode_enter), (18 bytes).
    Removing gd32c10x_rtc.o(.ARM.exidx.text.rtc_configuration_mode_enter), (8 bytes).
    Removing gd32c10x_rtc.o(.text.rtc_configuration_mode_exit), (18 bytes).
    Removing gd32c10x_rtc.o(.ARM.exidx.text.rtc_configuration_mode_exit), (8 bytes).
    Removing gd32c10x_rtc.o(.text.rtc_counter_set), (30 bytes).
    Removing gd32c10x_rtc.o(.ARM.exidx.text.rtc_counter_set), (8 bytes).
    Removing gd32c10x_rtc.o(.text.rtc_prescaler_set), (32 bytes).
    Removing gd32c10x_rtc.o(.ARM.exidx.text.rtc_prescaler_set), (8 bytes).
    Removing gd32c10x_rtc.o(.text.rtc_lwoff_wait), (16 bytes).
    Removing gd32c10x_rtc.o(.ARM.exidx.text.rtc_lwoff_wait), (8 bytes).
    Removing gd32c10x_rtc.o(.text.rtc_register_sync_wait), (24 bytes).
    Removing gd32c10x_rtc.o(.ARM.exidx.text.rtc_register_sync_wait), (8 bytes).
    Removing gd32c10x_rtc.o(.text.rtc_alarm_config), (30 bytes).
    Removing gd32c10x_rtc.o(.ARM.exidx.text.rtc_alarm_config), (8 bytes).
    Removing gd32c10x_rtc.o(.text.rtc_counter_get), (18 bytes).
    Removing gd32c10x_rtc.o(.ARM.exidx.text.rtc_counter_get), (8 bytes).
    Removing gd32c10x_rtc.o(.text.rtc_divider_get), (22 bytes).
    Removing gd32c10x_rtc.o(.ARM.exidx.text.rtc_divider_get), (8 bytes).
    Removing gd32c10x_rtc.o(.text.rtc_flag_get), (18 bytes).
    Removing gd32c10x_rtc.o(.ARM.exidx.text.rtc_flag_get), (8 bytes).
    Removing gd32c10x_rtc.o(.text.rtc_flag_clear), (18 bytes).
    Removing gd32c10x_rtc.o(.ARM.exidx.text.rtc_flag_clear), (8 bytes).
    Removing gd32c10x_rtc.o(.text.rtc_interrupt_flag_get), (18 bytes).
    Removing gd32c10x_rtc.o(.ARM.exidx.text.rtc_interrupt_flag_get), (8 bytes).
    Removing gd32c10x_rtc.o(.text.rtc_interrupt_flag_clear), (18 bytes).
    Removing gd32c10x_rtc.o(.ARM.exidx.text.rtc_interrupt_flag_clear), (8 bytes).
    Removing gd32c10x_rtc.o(.text.rtc_interrupt_enable), (16 bytes).
    Removing gd32c10x_rtc.o(.ARM.exidx.text.rtc_interrupt_enable), (8 bytes).
    Removing gd32c10x_rtc.o(.text.rtc_interrupt_disable), (18 bytes).
    Removing gd32c10x_rtc.o(.ARM.exidx.text.rtc_interrupt_disable), (8 bytes).
    Removing gd32c10x_spi.o(.text), (0 bytes).
    Removing gd32c10x_spi.o(.text.spi_i2s_deinit), (70 bytes).
    Removing gd32c10x_spi.o(.ARM.exidx.text.spi_i2s_deinit), (8 bytes).
    Removing gd32c10x_spi.o(.text.spi_struct_para_init), (16 bytes).
    Removing gd32c10x_spi.o(.ARM.exidx.text.spi_struct_para_init), (8 bytes).
    Removing gd32c10x_spi.o(.text.spi_init), (52 bytes).
    Removing gd32c10x_spi.o(.ARM.exidx.text.spi_init), (8 bytes).
    Removing gd32c10x_spi.o(.text.spi_enable), (10 bytes).
    Removing gd32c10x_spi.o(.ARM.exidx.text.spi_enable), (8 bytes).
    Removing gd32c10x_spi.o(.text.spi_disable), (10 bytes).
    Removing gd32c10x_spi.o(.ARM.exidx.text.spi_disable), (8 bytes).
    Removing gd32c10x_spi.o(.text.i2s_init), (30 bytes).
    Removing gd32c10x_spi.o(.ARM.exidx.text.i2s_init), (8 bytes).
    Removing gd32c10x_spi.o(.text.i2s_psc_config), (292 bytes).
    Removing gd32c10x_spi.o(.ARM.exidx.text.i2s_psc_config), (8 bytes).
    Removing gd32c10x_spi.o(.text.i2s_enable), (10 bytes).
    Removing gd32c10x_spi.o(.ARM.exidx.text.i2s_enable), (8 bytes).
    Removing gd32c10x_spi.o(.text.i2s_disable), (10 bytes).
    Removing gd32c10x_spi.o(.ARM.exidx.text.i2s_disable), (8 bytes).
    Removing gd32c10x_spi.o(.text.spi_nss_output_enable), (10 bytes).
    Removing gd32c10x_spi.o(.ARM.exidx.text.spi_nss_output_enable), (8 bytes).
    Removing gd32c10x_spi.o(.text.spi_nss_output_disable), (10 bytes).
    Removing gd32c10x_spi.o(.ARM.exidx.text.spi_nss_output_disable), (8 bytes).
    Removing gd32c10x_spi.o(.text.spi_nss_internal_high), (10 bytes).
    Removing gd32c10x_spi.o(.ARM.exidx.text.spi_nss_internal_high), (8 bytes).
    Removing gd32c10x_spi.o(.text.spi_nss_internal_low), (10 bytes).
    Removing gd32c10x_spi.o(.ARM.exidx.text.spi_nss_internal_low), (8 bytes).
    Removing gd32c10x_spi.o(.text.spi_dma_enable), (18 bytes).
    Removing gd32c10x_spi.o(.ARM.exidx.text.spi_dma_enable), (8 bytes).
    Removing gd32c10x_spi.o(.text.spi_dma_disable), (22 bytes).
    Removing gd32c10x_spi.o(.ARM.exidx.text.spi_dma_disable), (8 bytes).
    Removing gd32c10x_spi.o(.text.spi_i2s_data_frame_format_config), (16 bytes).
    Removing gd32c10x_spi.o(.ARM.exidx.text.spi_i2s_data_frame_format_config), (8 bytes).
    Removing gd32c10x_spi.o(.text.spi_i2s_data_transmit), (4 bytes).
    Removing gd32c10x_spi.o(.ARM.exidx.text.spi_i2s_data_transmit), (8 bytes).
    Removing gd32c10x_spi.o(.text.spi_i2s_data_receive), (6 bytes).
    Removing gd32c10x_spi.o(.ARM.exidx.text.spi_i2s_data_receive), (8 bytes).
    Removing gd32c10x_spi.o(.text.spi_bidirectional_transfer_config), (20 bytes).
    Removing gd32c10x_spi.o(.ARM.exidx.text.spi_bidirectional_transfer_config), (8 bytes).
    Removing gd32c10x_spi.o(.text.spi_crc_polynomial_set), (12 bytes).
    Removing gd32c10x_spi.o(.ARM.exidx.text.spi_crc_polynomial_set), (8 bytes).
    Removing gd32c10x_spi.o(.text.spi_crc_polynomial_get), (6 bytes).
    Removing gd32c10x_spi.o(.ARM.exidx.text.spi_crc_polynomial_get), (8 bytes).
    Removing gd32c10x_spi.o(.text.spi_crc_on), (10 bytes).
    Removing gd32c10x_spi.o(.ARM.exidx.text.spi_crc_on), (8 bytes).
    Removing gd32c10x_spi.o(.text.spi_crc_off), (10 bytes).
    Removing gd32c10x_spi.o(.ARM.exidx.text.spi_crc_off), (8 bytes).
    Removing gd32c10x_spi.o(.text.spi_crc_next), (10 bytes).
    Removing gd32c10x_spi.o(.ARM.exidx.text.spi_crc_next), (8 bytes).
    Removing gd32c10x_spi.o(.text.spi_crc_get), (14 bytes).
    Removing gd32c10x_spi.o(.ARM.exidx.text.spi_crc_get), (8 bytes).
    Removing gd32c10x_spi.o(.text.spi_ti_mode_enable), (10 bytes).
    Removing gd32c10x_spi.o(.ARM.exidx.text.spi_ti_mode_enable), (8 bytes).
    Removing gd32c10x_spi.o(.text.spi_ti_mode_disable), (10 bytes).
    Removing gd32c10x_spi.o(.ARM.exidx.text.spi_ti_mode_disable), (8 bytes).
    Removing gd32c10x_spi.o(.text.spi_nssp_mode_enable), (10 bytes).
    Removing gd32c10x_spi.o(.ARM.exidx.text.spi_nssp_mode_enable), (8 bytes).
    Removing gd32c10x_spi.o(.text.spi_nssp_mode_disable), (10 bytes).
    Removing gd32c10x_spi.o(.ARM.exidx.text.spi_nssp_mode_disable), (8 bytes).
    Removing gd32c10x_spi.o(.text.qspi_enable), (14 bytes).
    Removing gd32c10x_spi.o(.ARM.exidx.text.qspi_enable), (8 bytes).
    Removing gd32c10x_spi.o(.text.qspi_disable), (14 bytes).
    Removing gd32c10x_spi.o(.ARM.exidx.text.qspi_disable), (8 bytes).
    Removing gd32c10x_spi.o(.text.qspi_write_enable), (14 bytes).
    Removing gd32c10x_spi.o(.ARM.exidx.text.qspi_write_enable), (8 bytes).
    Removing gd32c10x_spi.o(.text.qspi_read_enable), (14 bytes).
    Removing gd32c10x_spi.o(.ARM.exidx.text.qspi_read_enable), (8 bytes).
    Removing gd32c10x_spi.o(.text.qspi_io23_output_enable), (14 bytes).
    Removing gd32c10x_spi.o(.ARM.exidx.text.qspi_io23_output_enable), (8 bytes).
    Removing gd32c10x_spi.o(.text.qspi_io23_output_disable), (14 bytes).
    Removing gd32c10x_spi.o(.ARM.exidx.text.qspi_io23_output_disable), (8 bytes).
    Removing gd32c10x_spi.o(.text.spi_i2s_interrupt_enable), (36 bytes).
    Removing gd32c10x_spi.o(.ARM.exidx.text.spi_i2s_interrupt_enable), (8 bytes).
    Removing gd32c10x_spi.o(.text.spi_i2s_interrupt_disable), (36 bytes).
    Removing gd32c10x_spi.o(.ARM.exidx.text.spi_i2s_interrupt_disable), (8 bytes).
    Removing gd32c10x_spi.o(.text.spi_i2s_interrupt_flag_get), (104 bytes).
    Removing gd32c10x_spi.o(.ARM.exidx.text.spi_i2s_interrupt_flag_get), (8 bytes).
    Removing gd32c10x_spi.o(.text.spi_i2s_flag_get), (10 bytes).
    Removing gd32c10x_spi.o(.ARM.exidx.text.spi_i2s_flag_get), (8 bytes).
    Removing gd32c10x_spi.o(.text.spi_crc_error_clear), (10 bytes).
    Removing gd32c10x_spi.o(.ARM.exidx.text.spi_crc_error_clear), (8 bytes).
    Removing gd32c10x_timer.o(.text), (0 bytes).
    Removing gd32c10x_timer.o(.ARM.exidx.text.timer_deinit), (8 bytes).
    Removing gd32c10x_timer.o(.ARM.exidx.text.timer_struct_para_init), (8 bytes).
    Removing gd32c10x_timer.o(.ARM.exidx.text.timer_init), (8 bytes).
    Removing gd32c10x_timer.o(.ARM.exidx.text.timer_enable), (8 bytes).
    Removing gd32c10x_timer.o(.text.timer_disable), (10 bytes).
    Removing gd32c10x_timer.o(.ARM.exidx.text.timer_disable), (8 bytes).
    Removing gd32c10x_timer.o(.text.timer_auto_reload_shadow_enable), (10 bytes).
    Removing gd32c10x_timer.o(.ARM.exidx.text.timer_auto_reload_shadow_enable), (8 bytes).
    Removing gd32c10x_timer.o(.text.timer_auto_reload_shadow_disable), (10 bytes).
    Removing gd32c10x_timer.o(.ARM.exidx.text.timer_auto_reload_shadow_disable), (8 bytes).
    Removing gd32c10x_timer.o(.text.timer_update_event_enable), (10 bytes).
    Removing gd32c10x_timer.o(.ARM.exidx.text.timer_update_event_enable), (8 bytes).
    Removing gd32c10x_timer.o(.text.timer_update_event_disable), (10 bytes).
    Removing gd32c10x_timer.o(.ARM.exidx.text.timer_update_event_disable), (8 bytes).
    Removing gd32c10x_timer.o(.text.timer_counter_alignment), (16 bytes).
    Removing gd32c10x_timer.o(.ARM.exidx.text.timer_counter_alignment), (8 bytes).
    Removing gd32c10x_timer.o(.text.timer_counter_up_direction), (10 bytes).
    Removing gd32c10x_timer.o(.ARM.exidx.text.timer_counter_up_direction), (8 bytes).
    Removing gd32c10x_timer.o(.text.timer_counter_down_direction), (10 bytes).
    Removing gd32c10x_timer.o(.ARM.exidx.text.timer_counter_down_direction), (8 bytes).
    Removing gd32c10x_timer.o(.text.timer_prescaler_config), (18 bytes).
    Removing gd32c10x_timer.o(.ARM.exidx.text.timer_prescaler_config), (8 bytes).
    Removing gd32c10x_timer.o(.text.timer_repetition_value_config), (4 bytes).
    Removing gd32c10x_timer.o(.ARM.exidx.text.timer_repetition_value_config), (8 bytes).
    Removing gd32c10x_timer.o(.text.timer_autoreload_value_config), (4 bytes).
    Removing gd32c10x_timer.o(.ARM.exidx.text.timer_autoreload_value_config), (8 bytes).
    Removing gd32c10x_timer.o(.text.timer_counter_value_config), (4 bytes).
    Removing gd32c10x_timer.o(.ARM.exidx.text.timer_counter_value_config), (8 bytes).
    Removing gd32c10x_timer.o(.text.timer_counter_read), (4 bytes).
    Removing gd32c10x_timer.o(.ARM.exidx.text.timer_counter_read), (8 bytes).
    Removing gd32c10x_timer.o(.text.timer_prescaler_read), (6 bytes).
    Removing gd32c10x_timer.o(.ARM.exidx.text.timer_prescaler_read), (8 bytes).
    Removing gd32c10x_timer.o(.text.timer_single_pulse_mode_config), (28 bytes).
    Removing gd32c10x_timer.o(.ARM.exidx.text.timer_single_pulse_mode_config), (8 bytes).
    Removing gd32c10x_timer.o(.text.timer_update_source_config), (28 bytes).
    Removing gd32c10x_timer.o(.ARM.exidx.text.timer_update_source_config), (8 bytes).
    Removing gd32c10x_timer.o(.text.timer_dma_enable), (8 bytes).
    Removing gd32c10x_timer.o(.ARM.exidx.text.timer_dma_enable), (8 bytes).
    Removing gd32c10x_timer.o(.text.timer_dma_disable), (10 bytes).
    Removing gd32c10x_timer.o(.ARM.exidx.text.timer_dma_disable), (8 bytes).
    Removing gd32c10x_timer.o(.text.timer_channel_dma_request_source_select), (28 bytes).
    Removing gd32c10x_timer.o(.ARM.exidx.text.timer_channel_dma_request_source_select), (8 bytes).
    Removing gd32c10x_timer.o(.text.timer_dma_transfer_config), (24 bytes).
    Removing gd32c10x_timer.o(.ARM.exidx.text.timer_dma_transfer_config), (8 bytes).
    Removing gd32c10x_timer.o(.text.timer_event_software_generate), (8 bytes).
    Removing gd32c10x_timer.o(.ARM.exidx.text.timer_event_software_generate), (8 bytes).
    Removing gd32c10x_timer.o(.text.timer_break_struct_para_init), (12 bytes).
    Removing gd32c10x_timer.o(.ARM.exidx.text.timer_break_struct_para_init), (8 bytes).
    Removing gd32c10x_timer.o(.text.timer_break_config), (38 bytes).
    Removing gd32c10x_timer.o(.ARM.exidx.text.timer_break_config), (8 bytes).
    Removing gd32c10x_timer.o(.text.timer_break_enable), (10 bytes).
    Removing gd32c10x_timer.o(.ARM.exidx.text.timer_break_enable), (8 bytes).
    Removing gd32c10x_timer.o(.text.timer_break_disable), (10 bytes).
    Removing gd32c10x_timer.o(.ARM.exidx.text.timer_break_disable), (8 bytes).
    Removing gd32c10x_timer.o(.text.timer_automatic_output_enable), (10 bytes).
    Removing gd32c10x_timer.o(.ARM.exidx.text.timer_automatic_output_enable), (8 bytes).
    Removing gd32c10x_timer.o(.text.timer_automatic_output_disable), (10 bytes).
    Removing gd32c10x_timer.o(.ARM.exidx.text.timer_automatic_output_disable), (8 bytes).
    Removing gd32c10x_timer.o(.text.timer_primary_output_config), (18 bytes).
    Removing gd32c10x_timer.o(.ARM.exidx.text.timer_primary_output_config), (8 bytes).
    Removing gd32c10x_timer.o(.text.timer_channel_control_shadow_config), (16 bytes).
    Removing gd32c10x_timer.o(.ARM.exidx.text.timer_channel_control_shadow_config), (8 bytes).
    Removing gd32c10x_timer.o(.text.timer_channel_control_shadow_update_config), (30 bytes).
    Removing gd32c10x_timer.o(.ARM.exidx.text.timer_channel_control_shadow_update_config), (8 bytes).
    Removing gd32c10x_timer.o(.text.timer_channel_output_struct_para_init), (10 bytes).
    Removing gd32c10x_timer.o(.ARM.exidx.text.timer_channel_output_struct_para_init), (8 bytes).
    Removing gd32c10x_timer.o(.text.timer_channel_output_config), (512 bytes).
    Removing gd32c10x_timer.o(.ARM.exidx.text.timer_channel_output_config), (8 bytes).
    Removing gd32c10x_timer.o(.text.timer_channel_output_mode_config), (58 bytes).
    Removing gd32c10x_timer.o(.ARM.exidx.text.timer_channel_output_mode_config), (8 bytes).
    Removing gd32c10x_timer.o(.text.timer_channel_output_pulse_value_config), (12 bytes).
    Removing gd32c10x_timer.o(.ARM.exidx.text.timer_channel_output_pulse_value_config), (8 bytes).
    Removing gd32c10x_timer.o(.text.timer_channel_output_shadow_config), (58 bytes).
    Removing gd32c10x_timer.o(.ARM.exidx.text.timer_channel_output_shadow_config), (8 bytes).
    Removing gd32c10x_timer.o(.text.timer_channel_output_fast_config), (58 bytes).
    Removing gd32c10x_timer.o(.ARM.exidx.text.timer_channel_output_fast_config), (8 bytes).
    Removing gd32c10x_timer.o(.text.timer_channel_output_clear_config), (58 bytes).
    Removing gd32c10x_timer.o(.ARM.exidx.text.timer_channel_output_clear_config), (8 bytes).
    Removing gd32c10x_timer.o(.text.timer_channel_output_polarity_config), (74 bytes).
    Removing gd32c10x_timer.o(.ARM.exidx.text.timer_channel_output_polarity_config), (8 bytes).
    Removing gd32c10x_timer.o(.text.timer_channel_complementary_output_polarity_config), (60 bytes).
    Removing gd32c10x_timer.o(.ARM.exidx.text.timer_channel_complementary_output_polarity_config), (8 bytes).
    Removing gd32c10x_timer.o(.text.timer_channel_output_state_config), (74 bytes).
    Removing gd32c10x_timer.o(.ARM.exidx.text.timer_channel_output_state_config), (8 bytes).
    Removing gd32c10x_timer.o(.text.timer_channel_complementary_output_state_config), (60 bytes).
    Removing gd32c10x_timer.o(.ARM.exidx.text.timer_channel_complementary_output_state_config), (8 bytes).
    Removing gd32c10x_timer.o(.text.timer_channel_input_struct_para_init), (12 bytes).
    Removing gd32c10x_timer.o(.ARM.exidx.text.timer_channel_input_struct_para_init), (8 bytes).
    Removing gd32c10x_timer.o(.text.timer_input_capture_config), (298 bytes).
    Removing gd32c10x_timer.o(.ARM.exidx.text.timer_input_capture_config), (8 bytes).
    Removing gd32c10x_timer.o(.text.timer_channel_input_capture_prescaler_config), (58 bytes).
    Removing gd32c10x_timer.o(.ARM.exidx.text.timer_channel_input_capture_prescaler_config), (8 bytes).
    Removing gd32c10x_timer.o(.text.timer_channel_capture_value_register_read), (14 bytes).
    Removing gd32c10x_timer.o(.ARM.exidx.text.timer_channel_capture_value_register_read), (8 bytes).
    Removing gd32c10x_timer.o(.text.timer_input_pwm_capture_config), (332 bytes).
    Removing gd32c10x_timer.o(.ARM.exidx.text.timer_input_pwm_capture_config), (8 bytes).
    Removing gd32c10x_timer.o(.text.timer_hall_mode_config), (28 bytes).
    Removing gd32c10x_timer.o(.ARM.exidx.text.timer_hall_mode_config), (8 bytes).
    Removing gd32c10x_timer.o(.text.timer_input_trigger_source_select), (16 bytes).
    Removing gd32c10x_timer.o(.ARM.exidx.text.timer_input_trigger_source_select), (8 bytes).
    Removing gd32c10x_timer.o(.text.timer_master_output_trigger_source_select), (16 bytes).
    Removing gd32c10x_timer.o(.ARM.exidx.text.timer_master_output_trigger_source_select), (8 bytes).
    Removing gd32c10x_timer.o(.text.timer_slave_mode_select), (16 bytes).
    Removing gd32c10x_timer.o(.ARM.exidx.text.timer_slave_mode_select), (8 bytes).
    Removing gd32c10x_timer.o(.text.timer_master_slave_mode_config), (28 bytes).
    Removing gd32c10x_timer.o(.ARM.exidx.text.timer_master_slave_mode_config), (8 bytes).
    Removing gd32c10x_timer.o(.text.timer_external_trigger_config), (34 bytes).
    Removing gd32c10x_timer.o(.ARM.exidx.text.timer_external_trigger_config), (8 bytes).
    Removing gd32c10x_timer.o(.text.timer_quadrature_decoder_mode_config), (78 bytes).
    Removing gd32c10x_timer.o(.ARM.exidx.text.timer_quadrature_decoder_mode_config), (8 bytes).
    Removing gd32c10x_timer.o(.text.timer_internal_clock_config), (10 bytes).
    Removing gd32c10x_timer.o(.ARM.exidx.text.timer_internal_clock_config), (8 bytes).
    Removing gd32c10x_timer.o(.text.timer_internal_trigger_as_external_clock_config), (26 bytes).
    Removing gd32c10x_timer.o(.ARM.exidx.text.timer_internal_trigger_as_external_clock_config), (8 bytes).
    Removing gd32c10x_timer.o(.text.timer_external_trigger_as_external_clock_config), (146 bytes).
    Removing gd32c10x_timer.o(.ARM.exidx.text.timer_external_trigger_as_external_clock_config), (8 bytes).
    Removing gd32c10x_timer.o(.text.timer_external_clock_mode0_config), (26 bytes).
    Removing gd32c10x_timer.o(.ARM.exidx.text.timer_external_clock_mode0_config), (8 bytes).
    Removing gd32c10x_timer.o(.text.timer_external_clock_mode1_config), (18 bytes).
    Removing gd32c10x_timer.o(.ARM.exidx.text.timer_external_clock_mode1_config), (8 bytes).
    Removing gd32c10x_timer.o(.text.timer_external_clock_mode1_disable), (10 bytes).
    Removing gd32c10x_timer.o(.ARM.exidx.text.timer_external_clock_mode1_disable), (8 bytes).
    Removing gd32c10x_timer.o(.text.timer_write_chxval_register_config), (36 bytes).
    Removing gd32c10x_timer.o(.ARM.exidx.text.timer_write_chxval_register_config), (8 bytes).
    Removing gd32c10x_timer.o(.text.timer_output_value_selection_config), (36 bytes).
    Removing gd32c10x_timer.o(.ARM.exidx.text.timer_output_value_selection_config), (8 bytes).
    Removing gd32c10x_timer.o(.ARM.exidx.text.timer_interrupt_enable), (8 bytes).
    Removing gd32c10x_timer.o(.text.timer_interrupt_disable), (10 bytes).
    Removing gd32c10x_timer.o(.ARM.exidx.text.timer_interrupt_disable), (8 bytes).
    Removing gd32c10x_timer.o(.ARM.exidx.text.timer_interrupt_flag_get), (8 bytes).
    Removing gd32c10x_timer.o(.ARM.exidx.text.timer_interrupt_flag_clear), (8 bytes).
    Removing gd32c10x_timer.o(.text.timer_flag_get), (10 bytes).
    Removing gd32c10x_timer.o(.ARM.exidx.text.timer_flag_get), (8 bytes).
    Removing gd32c10x_timer.o(.text.timer_flag_clear), (6 bytes).
    Removing gd32c10x_timer.o(.ARM.exidx.text.timer_flag_clear), (8 bytes).
    Removing gd32c10x_usart.o(.text), (0 bytes).
    Removing gd32c10x_usart.o(.text.usart_deinit), (118 bytes).
    Removing gd32c10x_usart.o(.ARM.exidx.text.usart_deinit), (8 bytes).
    Removing gd32c10x_usart.o(.text.usart_baudrate_set), (106 bytes).
    Removing gd32c10x_usart.o(.ARM.exidx.text.usart_baudrate_set), (8 bytes).
    Removing gd32c10x_usart.o(.text.usart_parity_config), (16 bytes).
    Removing gd32c10x_usart.o(.ARM.exidx.text.usart_parity_config), (8 bytes).
    Removing gd32c10x_usart.o(.text.usart_word_length_set), (16 bytes).
    Removing gd32c10x_usart.o(.ARM.exidx.text.usart_word_length_set), (8 bytes).
    Removing gd32c10x_usart.o(.text.usart_stop_bit_set), (16 bytes).
    Removing gd32c10x_usart.o(.ARM.exidx.text.usart_stop_bit_set), (8 bytes).
    Removing gd32c10x_usart.o(.text.usart_enable), (10 bytes).
    Removing gd32c10x_usart.o(.ARM.exidx.text.usart_enable), (8 bytes).
    Removing gd32c10x_usart.o(.text.usart_disable), (10 bytes).
    Removing gd32c10x_usart.o(.ARM.exidx.text.usart_disable), (8 bytes).
    Removing gd32c10x_usart.o(.text.usart_transmit_config), (12 bytes).
    Removing gd32c10x_usart.o(.ARM.exidx.text.usart_transmit_config), (8 bytes).
    Removing gd32c10x_usart.o(.text.usart_receive_config), (12 bytes).
    Removing gd32c10x_usart.o(.ARM.exidx.text.usart_receive_config), (8 bytes).
    Removing gd32c10x_usart.o(.text.usart_data_first_config), (16 bytes).
    Removing gd32c10x_usart.o(.ARM.exidx.text.usart_data_first_config), (8 bytes).
    Removing gd32c10x_usart.o(.text.usart_invert_config), (100 bytes).
    Removing gd32c10x_usart.o(.ARM.exidx.text.usart_invert_config), (8 bytes).
    Removing gd32c10x_usart.o(.text.usart_receiver_timeout_enable), (14 bytes).
    Removing gd32c10x_usart.o(.ARM.exidx.text.usart_receiver_timeout_enable), (8 bytes).
    Removing gd32c10x_usart.o(.text.usart_receiver_timeout_disable), (14 bytes).
    Removing gd32c10x_usart.o(.ARM.exidx.text.usart_receiver_timeout_disable), (8 bytes).
    Removing gd32c10x_usart.o(.text.usart_receiver_timeout_threshold_config), (24 bytes).
    Removing gd32c10x_usart.o(.ARM.exidx.text.usart_receiver_timeout_threshold_config), (8 bytes).
    Removing gd32c10x_usart.o(.text.usart_data_transmit), (8 bytes).
    Removing gd32c10x_usart.o(.ARM.exidx.text.usart_data_transmit), (8 bytes).
    Removing gd32c10x_usart.o(.text.usart_data_receive), (8 bytes).
    Removing gd32c10x_usart.o(.ARM.exidx.text.usart_data_receive), (8 bytes).
    Removing gd32c10x_usart.o(.text.usart_address_config), (20 bytes).
    Removing gd32c10x_usart.o(.ARM.exidx.text.usart_address_config), (8 bytes).
    Removing gd32c10x_usart.o(.text.usart_mute_mode_enable), (10 bytes).
    Removing gd32c10x_usart.o(.ARM.exidx.text.usart_mute_mode_enable), (8 bytes).
    Removing gd32c10x_usart.o(.text.usart_mute_mode_disable), (10 bytes).
    Removing gd32c10x_usart.o(.ARM.exidx.text.usart_mute_mode_disable), (8 bytes).
    Removing gd32c10x_usart.o(.text.usart_mute_mode_wakeup_config), (16 bytes).
    Removing gd32c10x_usart.o(.ARM.exidx.text.usart_mute_mode_wakeup_config), (8 bytes).
    Removing gd32c10x_usart.o(.text.usart_lin_mode_enable), (10 bytes).
    Removing gd32c10x_usart.o(.ARM.exidx.text.usart_lin_mode_enable), (8 bytes).
    Removing gd32c10x_usart.o(.text.usart_lin_mode_disable), (10 bytes).
    Removing gd32c10x_usart.o(.ARM.exidx.text.usart_lin_mode_disable), (8 bytes).
    Removing gd32c10x_usart.o(.text.usart_lin_break_detection_length_config), (20 bytes).
    Removing gd32c10x_usart.o(.ARM.exidx.text.usart_lin_break_detection_length_config), (8 bytes).
    Removing gd32c10x_usart.o(.text.usart_send_break), (10 bytes).
    Removing gd32c10x_usart.o(.ARM.exidx.text.usart_send_break), (8 bytes).
    Removing gd32c10x_usart.o(.text.usart_halfduplex_enable), (10 bytes).
    Removing gd32c10x_usart.o(.ARM.exidx.text.usart_halfduplex_enable), (8 bytes).
    Removing gd32c10x_usart.o(.text.usart_halfduplex_disable), (10 bytes).
    Removing gd32c10x_usart.o(.ARM.exidx.text.usart_halfduplex_disable), (8 bytes).
    Removing gd32c10x_usart.o(.text.usart_synchronous_clock_enable), (10 bytes).
    Removing gd32c10x_usart.o(.ARM.exidx.text.usart_synchronous_clock_enable), (8 bytes).
    Removing gd32c10x_usart.o(.text.usart_synchronous_clock_disable), (10 bytes).
    Removing gd32c10x_usart.o(.ARM.exidx.text.usart_synchronous_clock_disable), (8 bytes).
    Removing gd32c10x_usart.o(.text.usart_synchronous_clock_config), (30 bytes).
    Removing gd32c10x_usart.o(.ARM.exidx.text.usart_synchronous_clock_config), (8 bytes).
    Removing gd32c10x_usart.o(.text.usart_guard_time_config), (20 bytes).
    Removing gd32c10x_usart.o(.ARM.exidx.text.usart_guard_time_config), (8 bytes).
    Removing gd32c10x_usart.o(.text.usart_smartcard_mode_enable), (10 bytes).
    Removing gd32c10x_usart.o(.ARM.exidx.text.usart_smartcard_mode_enable), (8 bytes).
    Removing gd32c10x_usart.o(.text.usart_smartcard_mode_disable), (10 bytes).
    Removing gd32c10x_usart.o(.ARM.exidx.text.usart_smartcard_mode_disable), (8 bytes).
    Removing gd32c10x_usart.o(.text.usart_smartcard_mode_nack_enable), (10 bytes).
    Removing gd32c10x_usart.o(.ARM.exidx.text.usart_smartcard_mode_nack_enable), (8 bytes).
    Removing gd32c10x_usart.o(.text.usart_smartcard_mode_nack_disable), (10 bytes).
    Removing gd32c10x_usart.o(.ARM.exidx.text.usart_smartcard_mode_nack_disable), (8 bytes).
    Removing gd32c10x_usart.o(.text.usart_smartcard_autoretry_config), (30 bytes).
    Removing gd32c10x_usart.o(.ARM.exidx.text.usart_smartcard_autoretry_config), (8 bytes).
    Removing gd32c10x_usart.o(.text.usart_block_length_config), (26 bytes).
    Removing gd32c10x_usart.o(.ARM.exidx.text.usart_block_length_config), (8 bytes).
    Removing gd32c10x_usart.o(.text.usart_irda_mode_enable), (10 bytes).
    Removing gd32c10x_usart.o(.ARM.exidx.text.usart_irda_mode_enable), (8 bytes).
    Removing gd32c10x_usart.o(.text.usart_irda_mode_disable), (10 bytes).
    Removing gd32c10x_usart.o(.ARM.exidx.text.usart_irda_mode_disable), (8 bytes).
    Removing gd32c10x_usart.o(.text.usart_prescaler_config), (16 bytes).
    Removing gd32c10x_usart.o(.ARM.exidx.text.usart_prescaler_config), (8 bytes).
    Removing gd32c10x_usart.o(.text.usart_irda_lowpower_config), (20 bytes).
    Removing gd32c10x_usart.o(.ARM.exidx.text.usart_irda_lowpower_config), (8 bytes).
    Removing gd32c10x_usart.o(.text.usart_hardware_flow_rts_config), (12 bytes).
    Removing gd32c10x_usart.o(.ARM.exidx.text.usart_hardware_flow_rts_config), (8 bytes).
    Removing gd32c10x_usart.o(.text.usart_hardware_flow_cts_config), (12 bytes).
    Removing gd32c10x_usart.o(.ARM.exidx.text.usart_hardware_flow_cts_config), (8 bytes).
    Removing gd32c10x_usart.o(.text.usart_dma_receive_config), (12 bytes).
    Removing gd32c10x_usart.o(.ARM.exidx.text.usart_dma_receive_config), (8 bytes).
    Removing gd32c10x_usart.o(.text.usart_dma_transmit_config), (12 bytes).
    Removing gd32c10x_usart.o(.ARM.exidx.text.usart_dma_transmit_config), (8 bytes).
    Removing gd32c10x_usart.o(.text.usart_hardware_flow_coherence_config), (28 bytes).
    Removing gd32c10x_usart.o(.ARM.exidx.text.usart_hardware_flow_coherence_config), (8 bytes).
    Removing gd32c10x_usart.o(.text.usart_flag_get), (16 bytes).
    Removing gd32c10x_usart.o(.ARM.exidx.text.usart_flag_get), (8 bytes).
    Removing gd32c10x_usart.o(.text.usart_flag_clear), (24 bytes).
    Removing gd32c10x_usart.o(.ARM.exidx.text.usart_flag_clear), (8 bytes).
    Removing gd32c10x_usart.o(.text.usart_interrupt_enable), (22 bytes).
    Removing gd32c10x_usart.o(.ARM.exidx.text.usart_interrupt_enable), (8 bytes).
    Removing gd32c10x_usart.o(.text.usart_interrupt_disable), (24 bytes).
    Removing gd32c10x_usart.o(.ARM.exidx.text.usart_interrupt_disable), (8 bytes).
    Removing gd32c10x_usart.o(.text.usart_interrupt_flag_get), (34 bytes).
    Removing gd32c10x_usart.o(.ARM.exidx.text.usart_interrupt_flag_get), (8 bytes).
    Removing gd32c10x_usart.o(.text.usart_interrupt_flag_clear), (24 bytes).
    Removing gd32c10x_usart.o(.ARM.exidx.text.usart_interrupt_flag_clear), (8 bytes).
    Removing gd32c10x_wwdgt.o(.text), (0 bytes).
    Removing gd32c10x_wwdgt.o(.text.wwdgt_deinit), (20 bytes).
    Removing gd32c10x_wwdgt.o(.ARM.exidx.text.wwdgt_deinit), (8 bytes).
    Removing gd32c10x_wwdgt.o(.text.wwdgt_enable), (18 bytes).
    Removing gd32c10x_wwdgt.o(.ARM.exidx.text.wwdgt_enable), (8 bytes).
    Removing gd32c10x_wwdgt.o(.text.wwdgt_counter_update), (18 bytes).
    Removing gd32c10x_wwdgt.o(.ARM.exidx.text.wwdgt_counter_update), (8 bytes).
    Removing gd32c10x_wwdgt.o(.text.wwdgt_config), (50 bytes).
    Removing gd32c10x_wwdgt.o(.ARM.exidx.text.wwdgt_config), (8 bytes).
    Removing gd32c10x_wwdgt.o(.text.wwdgt_interrupt_enable), (18 bytes).
    Removing gd32c10x_wwdgt.o(.ARM.exidx.text.wwdgt_interrupt_enable), (8 bytes).
    Removing gd32c10x_wwdgt.o(.text.wwdgt_flag_get), (16 bytes).
    Removing gd32c10x_wwdgt.o(.ARM.exidx.text.wwdgt_flag_get), (8 bytes).
    Removing gd32c10x_wwdgt.o(.text.wwdgt_flag_clear), (18 bytes).
    Removing gd32c10x_wwdgt.o(.ARM.exidx.text.wwdgt_flag_clear), (8 bytes).
    Removing startup_gd32c10x_1.o(HEAP), (1024 bytes).
    Removing system_gd32c10x_1.o(.text), (0 bytes).
    Removing system_gd32c10x_1.o(.ARM.exidx.text.SystemInit), (8 bytes).
    Removing system_gd32c10x_1.o(.ARM.exidx.text.system_clock_config), (8 bytes).
    Removing system_gd32c10x_1.o(.text.SystemCoreClockUpdate), (178 bytes).
    Removing system_gd32c10x_1.o(.ARM.exidx.text.SystemCoreClockUpdate), (8 bytes).
    Removing system_gd32c10x_1.o(.ARM.exidx.text.system_clock_120m_hxtal), (8 bytes).
    Removing system_gd32c10x_1.o(.data.SystemCoreClock), (4 bytes).

1128 unused section(s) (total 24567 bytes) removed from the image.

==============================================================================

Image Symbol Table

    Local Symbols

    Symbol Name                              Value     Ov Type        Size  Object(Section)

    ../clib/microlib/init/entry.s            0x00000000   Number         0  entry.o ABSOLUTE
    ../clib/microlib/init/entry.s            0x00000000   Number         0  entry2.o ABSOLUTE
    ../clib/microlib/init/entry.s            0x00000000   Number         0  entry5.o ABSOLUTE
    ../clib/microlib/init/entry.s            0x00000000   Number         0  entry7a.o ABSOLUTE
    ../clib/microlib/init/entry.s            0x00000000   Number         0  entry7b.o ABSOLUTE
    ../clib/microlib/init/entry.s            0x00000000   Number         0  entry8a.o ABSOLUTE
    ../clib/microlib/init/entry.s            0x00000000   Number         0  entry8b.o ABSOLUTE
    ../clib/microlib/init/entry.s            0x00000000   Number         0  entry9a.o ABSOLUTE
    ../clib/microlib/init/entry.s            0x00000000   Number         0  entry9b.o ABSOLUTE
    ../clib/microlib/init/entry.s            0x00000000   Number         0  entry10a.o ABSOLUTE
    ../clib/microlib/init/entry.s            0x00000000   Number         0  entry10b.o ABSOLUTE
    ../clib/microlib/init/entry.s            0x00000000   Number         0  entry11a.o ABSOLUTE
    ../clib/microlib/init/entry.s            0x00000000   Number         0  entry11b.o ABSOLUTE
    ../clib/microlib/string/memset.c         0x00000000   Number         0  memseta.o ABSOLUTE
    RTE/Device/GD32C103RB/startup_gd32c10x.s 0x00000000   Number         0  startup_gd32c10x_1.o ABSOLUTE
    dc.s                                     0x00000000   Number         0  dc.o ABSOLUTE
    delay.c                                  0x00000000   Number         0  delay.o ABSOLUTE
    gd32c10x_adc.c                           0x00000000   Number         0  gd32c10x_adc.o ABSOLUTE
    gd32c10x_bkp.c                           0x00000000   Number         0  gd32c10x_bkp.o ABSOLUTE
    gd32c10x_can.c                           0x00000000   Number         0  gd32c10x_can.o ABSOLUTE
    gd32c10x_crc.c                           0x00000000   Number         0  gd32c10x_crc.o ABSOLUTE
    gd32c10x_ctc.c                           0x00000000   Number         0  gd32c10x_ctc.o ABSOLUTE
    gd32c10x_dac.c                           0x00000000   Number         0  gd32c10x_dac.o ABSOLUTE
    gd32c10x_dbg.c                           0x00000000   Number         0  gd32c10x_dbg.o ABSOLUTE
    gd32c10x_dma.c                           0x00000000   Number         0  gd32c10x_dma.o ABSOLUTE
    gd32c10x_exmc.c                          0x00000000   Number         0  gd32c10x_exmc.o ABSOLUTE
    gd32c10x_exti.c                          0x00000000   Number         0  gd32c10x_exti.o ABSOLUTE
    gd32c10x_fmc.c                           0x00000000   Number         0  gd32c10x_fmc.o ABSOLUTE
    gd32c10x_fwdgt.c                         0x00000000   Number         0  gd32c10x_fwdgt.o ABSOLUTE
    gd32c10x_gpio.c                          0x00000000   Number         0  gd32c10x_gpio.o ABSOLUTE
    gd32c10x_i2c.c                           0x00000000   Number         0  gd32c10x_i2c.o ABSOLUTE
    gd32c10x_it.c                            0x00000000   Number         0  gd32c10x_it.o ABSOLUTE
    gd32c10x_misc.c                          0x00000000   Number         0  gd32c10x_misc_1.o ABSOLUTE
    gd32c10x_pmu.c                           0x00000000   Number         0  gd32c10x_pmu_1.o ABSOLUTE
    gd32c10x_rcu.c                           0x00000000   Number         0  gd32c10x_rcu_1.o ABSOLUTE
    gd32c10x_rtc.c                           0x00000000   Number         0  gd32c10x_rtc.o ABSOLUTE
    gd32c10x_spi.c                           0x00000000   Number         0  gd32c10x_spi.o ABSOLUTE
    gd32c10x_timer.c                         0x00000000   Number         0  gd32c10x_timer.o ABSOLUTE
    gd32c10x_usart.c                         0x00000000   Number         0  gd32c10x_usart.o ABSOLUTE
    gd32c10x_wwdgt.c                         0x00000000   Number         0  gd32c10x_wwdgt.o ABSOLUTE
    handlers.s                               0x00000000   Number         0  handlers.o ABSOLUTE
    init.s                                   0x00000000   Number         0  init.o ABSOLUTE
    main.c                                   0x00000000   Number         0  main.o ABSOLUTE
    system_gd32c10x.c                        0x00000000   Number         0  system_gd32c10x_1.o ABSOLUTE
    RESET                                    0x08000000   Section      336  startup_gd32c10x_1.o(RESET)
    .ARM.Collect$$$$00000000                 0x08000150   Section        0  entry.o(.ARM.Collect$$$$00000000)
    .ARM.Collect$$$$00000001                 0x08000150   Section        4  entry2.o(.ARM.Collect$$$$00000001)
    .ARM.Collect$$$$00000004                 0x08000154   Section        4  entry5.o(.ARM.Collect$$$$00000004)
    .ARM.Collect$$$$00000008                 0x08000158   Section        0  entry7b.o(.ARM.Collect$$$$00000008)
    .ARM.Collect$$$$0000000A                 0x08000158   Section        0  entry8b.o(.ARM.Collect$$$$0000000A)
    .ARM.Collect$$$$0000000B                 0x08000158   Section        8  entry9a.o(.ARM.Collect$$$$0000000B)
    __lit__00000000                          0x08000160   Data           4  entry2.o(.ARM.Collect$$$$00002712)
    .ARM.Collect$$$$0000000D                 0x08000160   Section        0  entry10a.o(.ARM.Collect$$$$0000000D)
    .ARM.Collect$$$$0000000F                 0x08000160   Section        0  entry11a.o(.ARM.Collect$$$$0000000F)
    .ARM.Collect$$$$00002712                 0x08000160   Section        4  entry2.o(.ARM.Collect$$$$00002712)
    $v0                                      0x08000164   Number         0  startup_gd32c10x_1.o(.text)
    .text                                    0x08000164   Section       36  startup_gd32c10x_1.o(.text)
    .text                                    0x08000188   Section       36  init.o(.text)
    [Anonymous Symbol]                       0x080001ac   Section        0  gd32c10x_it.o(.text.BusFault_Handler)
    [Anonymous Symbol]                       0x080001b0   Section        0  gd32c10x_it.o(.text.DebugMon_Handler)
    [Anonymous Symbol]                       0x080001b4   Section        0  gd32c10x_it.o(.text.HardFault_Handler)
    [Anonymous Symbol]                       0x080001b8   Section        0  gd32c10x_it.o(.text.MemManage_Handler)
    [Anonymous Symbol]                       0x080001bc   Section        0  gd32c10x_it.o(.text.NMI_Handler)
    [Anonymous Symbol]                       0x080001c0   Section        0  gd32c10x_it.o(.text.PendSV_Handler)
    [Anonymous Symbol]                       0x080001c4   Section        0  gd32c10x_it.o(.text.SVC_Handler)
    [Anonymous Symbol]                       0x080001c8   Section        0  gd32c10x_it.o(.text.SysTick_Handler)
    [Anonymous Symbol]                       0x080001cc   Section        0  system_gd32c10x_1.o(.text.SystemInit)
    [Anonymous Symbol]                       0x08000220   Section        0  gd32c10x_it.o(.text.TIMER4_IRQHandler)
    [Anonymous Symbol]                       0x08000248   Section        0  gd32c10x_it.o(.text.UsageFault_Handler)
    [Anonymous Symbol]                       0x0800024c   Section        0  delay.o(.text.current_totaltick)
    [Anonymous Symbol]                       0x08000268   Section        0  delay.o(.text.delay_ms)
    [Anonymous Symbol]                       0x08000284   Section        0  main.o(.text.err_led)
    [Anonymous Symbol]                       0x080002b8   Section        0  main.o(.text.flash_led)
    [Anonymous Symbol]                       0x080002fc   Section        0  gd32c10x_fmc.o(.text.fmc_flag_clear)
    [Anonymous Symbol]                       0x08000308   Section        0  gd32c10x_fmc.o(.text.fmc_lock)
    [Anonymous Symbol]                       0x0800031c   Section        0  gd32c10x_fmc.o(.text.fmc_page_erase)
    fmc_ready_wait                           0x08000355   Thumb Code    32  gd32c10x_fmc.o(.text.fmc_ready_wait)
    [Anonymous Symbol]                       0x08000354   Section        0  gd32c10x_fmc.o(.text.fmc_ready_wait)
    fmc_state_get                            0x08000375   Thumb Code    50  gd32c10x_fmc.o(.text.fmc_state_get)
    [Anonymous Symbol]                       0x08000374   Section        0  gd32c10x_fmc.o(.text.fmc_state_get)
    [Anonymous Symbol]                       0x080003a8   Section        0  gd32c10x_fmc.o(.text.fmc_unlock)
    [Anonymous Symbol]                       0x080003d0   Section        0  gd32c10x_fmc.o(.text.fmc_word_program)
    [Anonymous Symbol]                       0x08000400   Section        0  gd32c10x_gpio.o(.text.gpio_bit_reset)
    [Anonymous Symbol]                       0x08000404   Section        0  gd32c10x_gpio.o(.text.gpio_bit_set)
    [Anonymous Symbol]                       0x08000408   Section        0  gd32c10x_gpio.o(.text.gpio_bit_write)
    [Anonymous Symbol]                       0x08000414   Section        0  gd32c10x_gpio.o(.text.gpio_init)
    [Anonymous Symbol]                       0x080004cc   Section        0  gd32c10x_gpio.o(.text.gpio_output_bit_get)
    [Anonymous Symbol]                       0x080004d8   Section        0  main.o(.text.init_led)
    [Anonymous Symbol]                       0x08000508   Section        0  main.o(.text.main)
    [Anonymous Symbol]                       0x080005d4   Section        0  delay.o(.text.nvic_config)
    [Anonymous Symbol]                       0x080005ec   Section        0  gd32c10x_misc_1.o(.text.nvic_irq_enable)
    [Anonymous Symbol]                       0x08000654   Section        0  gd32c10x_misc_1.o(.text.nvic_priority_group_set)
    [Anonymous Symbol]                       0x08000668   Section        0  gd32c10x_misc_1.o(.text.nvic_vector_table_set)
    [Anonymous Symbol]                       0x08000680   Section        0  main.o(.text.off_led)
    [Anonymous Symbol]                       0x080006a0   Section        0  main.o(.text.on_led)
    [Anonymous Symbol]                       0x080006c0   Section        0  gd32c10x_rcu_1.o(.text.rcu_periph_clock_enable)
    [Anonymous Symbol]                       0x080006e0   Section        0  gd32c10x_rcu_1.o(.text.rcu_periph_reset_disable)
    [Anonymous Symbol]                       0x08000700   Section        0  gd32c10x_rcu_1.o(.text.rcu_periph_reset_enable)
    [Anonymous Symbol]                       0x08000720   Section        0  main.o(.text.rom_addr_valid)
    system_clock_120m_hxtal                  0x08000739   Thumb Code   204  system_gd32c10x_1.o(.text.system_clock_120m_hxtal)
    [Anonymous Symbol]                       0x08000738   Section        0  system_gd32c10x_1.o(.text.system_clock_120m_hxtal)
    system_clock_config                      0x08000805   Thumb Code     8  system_gd32c10x_1.o(.text.system_clock_config)
    [Anonymous Symbol]                       0x08000804   Section        0  system_gd32c10x_1.o(.text.system_clock_config)
    [Anonymous Symbol]                       0x0800080c   Section        0  delay.o(.text.tim4_config)
    [Anonymous Symbol]                       0x08000868   Section        0  delay.o(.text.tim4_it)
    [Anonymous Symbol]                       0x08000884   Section        0  gd32c10x_timer.o(.text.timer_deinit)
    [Anonymous Symbol]                       0x080009c8   Section        0  gd32c10x_timer.o(.text.timer_enable)
    [Anonymous Symbol]                       0x080009d4   Section        0  gd32c10x_timer.o(.text.timer_init)
    [Anonymous Symbol]                       0x08000a94   Section        0  gd32c10x_timer.o(.text.timer_interrupt_enable)
    [Anonymous Symbol]                       0x08000a9c   Section        0  gd32c10x_timer.o(.text.timer_interrupt_flag_clear)
    [Anonymous Symbol]                       0x08000aa4   Section        0  gd32c10x_timer.o(.text.timer_interrupt_flag_get)
    [Anonymous Symbol]                       0x08000abc   Section        0  gd32c10x_timer.o(.text.timer_struct_para_init)
    [Anonymous Symbol]                       0x08000ad0   Section        0  main.o(.text.upgrade_to_rom1)
    i.__scatterload_copy                     0x08000b5a   Section       14  handlers.o(i.__scatterload_copy)
    i.__scatterload_null                     0x08000b68   Section        2  handlers.o(i.__scatterload_null)
    i.__scatterload_zeroinit                 0x08000b6a   Section       14  handlers.o(i.__scatterload_zeroinit)
    STACK                                    0x20000008   Section     1024  startup_gd32c10x_1.o(STACK)

    Global Symbols

    Symbol Name                              Value     Ov Type        Size  Object(Section)

    BuildAttributes$$THM_ISAv4$E$P$D$K$B$S$7EM$VFPi3$EXTD16$VFPS$VFMA$PE$A:L22UL41UL21$X:L11$S22US41US21$IEEE1$IW$~IW$USESV6$~STKCKD$USESV7$~SHL$OTIME$EBA8$MICROLIB$REQ8$PRES8$EABIv2 0x00000000   Number         0  anon$$obj.o ABSOLUTE
    __cpp_initialize__aeabi_                  - Undefined Weak Reference
    __cxa_finalize                            - Undefined Weak Reference
    __decompress                              - Undefined Weak Reference
    _clock_init                               - Undefined Weak Reference
    _microlib_exit                            - Undefined Weak Reference
    __Vectors_Size                           0x00000150   Number         0  startup_gd32c10x_1.o ABSOLUTE
    __Vectors                                0x08000000   Data           4  startup_gd32c10x_1.o(RESET)
    __Vectors_End                            0x08000150   Data           0  startup_gd32c10x_1.o(RESET)
    __main                                   0x08000151   Thumb Code     0  entry.o(.ARM.Collect$$$$00000000)
    _main_stk                                0x08000151   Thumb Code     0  entry2.o(.ARM.Collect$$$$00000001)
    _main_scatterload                        0x08000155   Thumb Code     0  entry5.o(.ARM.Collect$$$$00000004)
    __main_after_scatterload                 0x08000159   Thumb Code     0  entry5.o(.ARM.Collect$$$$00000004)
    _main_clock                              0x08000159   Thumb Code     0  entry7b.o(.ARM.Collect$$$$00000008)
    _main_cpp_init                           0x08000159   Thumb Code     0  entry8b.o(.ARM.Collect$$$$0000000A)
    _main_init                               0x08000159   Thumb Code     0  entry9a.o(.ARM.Collect$$$$0000000B)
    __rt_final_cpp                           0x08000161   Thumb Code     0  entry10a.o(.ARM.Collect$$$$0000000D)
    __rt_final_exit                          0x08000161   Thumb Code     0  entry11a.o(.ARM.Collect$$$$0000000F)
    Reset_Handler                            0x08000165   Thumb Code     8  startup_gd32c10x_1.o(.text)
    ADC0_1_IRQHandler                        0x0800017f   Thumb Code     0  startup_gd32c10x_1.o(.text)
    CAN0_EWMC_IRQHandler                     0x0800017f   Thumb Code     0  startup_gd32c10x_1.o(.text)
    CAN0_RX0_IRQHandler                      0x0800017f   Thumb Code     0  startup_gd32c10x_1.o(.text)
    CAN0_RX1_IRQHandler                      0x0800017f   Thumb Code     0  startup_gd32c10x_1.o(.text)
    CAN0_TX_IRQHandler                       0x0800017f   Thumb Code     0  startup_gd32c10x_1.o(.text)
    CAN1_EWMC_IRQHandler                     0x0800017f   Thumb Code     0  startup_gd32c10x_1.o(.text)
    CAN1_RX0_IRQHandler                      0x0800017f   Thumb Code     0  startup_gd32c10x_1.o(.text)
    CAN1_RX1_IRQHandler                      0x0800017f   Thumb Code     0  startup_gd32c10x_1.o(.text)
    CAN1_TX_IRQHandler                       0x0800017f   Thumb Code     0  startup_gd32c10x_1.o(.text)
    DMA0_Channel0_IRQHandler                 0x0800017f   Thumb Code     0  startup_gd32c10x_1.o(.text)
    DMA0_Channel1_IRQHandler                 0x0800017f   Thumb Code     0  startup_gd32c10x_1.o(.text)
    DMA0_Channel2_IRQHandler                 0x0800017f   Thumb Code     0  startup_gd32c10x_1.o(.text)
    DMA0_Channel3_IRQHandler                 0x0800017f   Thumb Code     0  startup_gd32c10x_1.o(.text)
    DMA0_Channel4_IRQHandler                 0x0800017f   Thumb Code     0  startup_gd32c10x_1.o(.text)
    DMA0_Channel5_IRQHandler                 0x0800017f   Thumb Code     0  startup_gd32c10x_1.o(.text)
    DMA0_Channel6_IRQHandler                 0x0800017f   Thumb Code     0  startup_gd32c10x_1.o(.text)
    DMA1_Channel0_IRQHandler                 0x0800017f   Thumb Code     0  startup_gd32c10x_1.o(.text)
    DMA1_Channel1_IRQHandler                 0x0800017f   Thumb Code     0  startup_gd32c10x_1.o(.text)
    DMA1_Channel2_IRQHandler                 0x0800017f   Thumb Code     0  startup_gd32c10x_1.o(.text)
    DMA1_Channel3_IRQHandler                 0x0800017f   Thumb Code     0  startup_gd32c10x_1.o(.text)
    DMA1_Channel4_IRQHandler                 0x0800017f   Thumb Code     0  startup_gd32c10x_1.o(.text)
    EXMC_IRQHandler                          0x0800017f   Thumb Code     0  startup_gd32c10x_1.o(.text)
    EXTI0_IRQHandler                         0x0800017f   Thumb Code     0  startup_gd32c10x_1.o(.text)
    EXTI10_15_IRQHandler                     0x0800017f   Thumb Code     0  startup_gd32c10x_1.o(.text)
    EXTI1_IRQHandler                         0x0800017f   Thumb Code     0  startup_gd32c10x_1.o(.text)
    EXTI2_IRQHandler                         0x0800017f   Thumb Code     0  startup_gd32c10x_1.o(.text)
    EXTI3_IRQHandler                         0x0800017f   Thumb Code     0  startup_gd32c10x_1.o(.text)
    EXTI4_IRQHandler                         0x0800017f   Thumb Code     0  startup_gd32c10x_1.o(.text)
    EXTI5_9_IRQHandler                       0x0800017f   Thumb Code     0  startup_gd32c10x_1.o(.text)
    FMC_IRQHandler                           0x0800017f   Thumb Code     0  startup_gd32c10x_1.o(.text)
    I2C0_ER_IRQHandler                       0x0800017f   Thumb Code     0  startup_gd32c10x_1.o(.text)
    I2C0_EV_IRQHandler                       0x0800017f   Thumb Code     0  startup_gd32c10x_1.o(.text)
    I2C1_ER_IRQHandler                       0x0800017f   Thumb Code     0  startup_gd32c10x_1.o(.text)
    I2C1_EV_IRQHandler                       0x0800017f   Thumb Code     0  startup_gd32c10x_1.o(.text)
    LVD_IRQHandler                           0x0800017f   Thumb Code     0  startup_gd32c10x_1.o(.text)
    RCU_CTC_IRQHandler                       0x0800017f   Thumb Code     0  startup_gd32c10x_1.o(.text)
    RTC_Alarm_IRQHandler                     0x0800017f   Thumb Code     0  startup_gd32c10x_1.o(.text)
    RTC_IRQHandler                           0x0800017f   Thumb Code     0  startup_gd32c10x_1.o(.text)
    SPI0_IRQHandler                          0x0800017f   Thumb Code     0  startup_gd32c10x_1.o(.text)
    SPI1_IRQHandler                          0x0800017f   Thumb Code     0  startup_gd32c10x_1.o(.text)
    SPI2_IRQHandler                          0x0800017f   Thumb Code     0  startup_gd32c10x_1.o(.text)
    TAMPER_IRQHandler                        0x0800017f   Thumb Code     0  startup_gd32c10x_1.o(.text)
    TIMER0_BRK_TIMER8_IRQHandler             0x0800017f   Thumb Code     0  startup_gd32c10x_1.o(.text)
    TIMER0_Channel_IRQHandler                0x0800017f   Thumb Code     0  startup_gd32c10x_1.o(.text)
    TIMER0_TRG_CMT_TIMER10_IRQHandler        0x0800017f   Thumb Code     0  startup_gd32c10x_1.o(.text)
    TIMER0_UP_TIMER9_IRQHandler              0x0800017f   Thumb Code     0  startup_gd32c10x_1.o(.text)
    TIMER1_IRQHandler                        0x0800017f   Thumb Code     0  startup_gd32c10x_1.o(.text)
    TIMER2_IRQHandler                        0x0800017f   Thumb Code     0  startup_gd32c10x_1.o(.text)
    TIMER3_IRQHandler                        0x0800017f   Thumb Code     0  startup_gd32c10x_1.o(.text)
    TIMER5_IRQHandler                        0x0800017f   Thumb Code     0  startup_gd32c10x_1.o(.text)
    TIMER6_IRQHandler                        0x0800017f   Thumb Code     0  startup_gd32c10x_1.o(.text)
    TIMER7_BRK_TIMER11_IRQHandler            0x0800017f   Thumb Code     0  startup_gd32c10x_1.o(.text)
    TIMER7_Channel_IRQHandler                0x0800017f   Thumb Code     0  startup_gd32c10x_1.o(.text)
    TIMER7_TRG_CMT_TIMER13_IRQHandler        0x0800017f   Thumb Code     0  startup_gd32c10x_1.o(.text)
    TIMER7_UP_TIMER12_IRQHandler             0x0800017f   Thumb Code     0  startup_gd32c10x_1.o(.text)
    UART3_IRQHandler                         0x0800017f   Thumb Code     0  startup_gd32c10x_1.o(.text)
    UART4_IRQHandler                         0x0800017f   Thumb Code     0  startup_gd32c10x_1.o(.text)
    USART0_IRQHandler                        0x0800017f   Thumb Code     0  startup_gd32c10x_1.o(.text)
    USART1_IRQHandler                        0x0800017f   Thumb Code     0  startup_gd32c10x_1.o(.text)
    USART2_IRQHandler                        0x0800017f   Thumb Code     0  startup_gd32c10x_1.o(.text)
    USBFS_IRQHandler                         0x0800017f   Thumb Code     0  startup_gd32c10x_1.o(.text)
    USBFS_WKUP_IRQHandler                    0x0800017f   Thumb Code     0  startup_gd32c10x_1.o(.text)
    WWDGT_IRQHandler                         0x0800017f   Thumb Code     0  startup_gd32c10x_1.o(.text)
    __scatterload                            0x08000189   Thumb Code    28  init.o(.text)
    __scatterload_rt2                        0x08000189   Thumb Code     0  init.o(.text)
    BusFault_Handler                         0x080001ad   Thumb Code     2  gd32c10x_it.o(.text.BusFault_Handler)
    DebugMon_Handler                         0x080001b1   Thumb Code     2  gd32c10x_it.o(.text.DebugMon_Handler)
    HardFault_Handler                        0x080001b5   Thumb Code     2  gd32c10x_it.o(.text.HardFault_Handler)
    MemManage_Handler                        0x080001b9   Thumb Code     2  gd32c10x_it.o(.text.MemManage_Handler)
    NMI_Handler                              0x080001bd   Thumb Code     2  gd32c10x_it.o(.text.NMI_Handler)
    PendSV_Handler                           0x080001c1   Thumb Code     2  gd32c10x_it.o(.text.PendSV_Handler)
    SVC_Handler                              0x080001c5   Thumb Code     2  gd32c10x_it.o(.text.SVC_Handler)
    SysTick_Handler                          0x080001c9   Thumb Code     2  gd32c10x_it.o(.text.SysTick_Handler)
    SystemInit                               0x080001cd   Thumb Code    84  system_gd32c10x_1.o(.text.SystemInit)
    TIMER4_IRQHandler                        0x08000221   Thumb Code    38  gd32c10x_it.o(.text.TIMER4_IRQHandler)
    UsageFault_Handler                       0x08000249   Thumb Code     2  gd32c10x_it.o(.text.UsageFault_Handler)
    current_totaltick                        0x0800024d   Thumb Code    26  delay.o(.text.current_totaltick)
    delay_ms                                 0x08000269   Thumb Code    26  delay.o(.text.delay_ms)
    err_led                                  0x08000285   Thumb Code    50  main.o(.text.err_led)
    flash_led                                0x080002b9   Thumb Code    66  main.o(.text.flash_led)
    fmc_flag_clear                           0x080002fd   Thumb Code    12  gd32c10x_fmc.o(.text.fmc_flag_clear)
    fmc_lock                                 0x08000309   Thumb Code    18  gd32c10x_fmc.o(.text.fmc_lock)
    fmc_page_erase                           0x0800031d   Thumb Code    54  gd32c10x_fmc.o(.text.fmc_page_erase)
    fmc_unlock                               0x080003a9   Thumb Code    38  gd32c10x_fmc.o(.text.fmc_unlock)
    fmc_word_program                         0x080003d1   Thumb Code    48  gd32c10x_fmc.o(.text.fmc_word_program)
    gpio_bit_reset                           0x08000401   Thumb Code     4  gd32c10x_gpio.o(.text.gpio_bit_reset)
    gpio_bit_set                             0x08000405   Thumb Code     4  gd32c10x_gpio.o(.text.gpio_bit_set)
    gpio_bit_write                           0x08000409   Thumb Code    12  gd32c10x_gpio.o(.text.gpio_bit_write)
    gpio_init                                0x08000415   Thumb Code   182  gd32c10x_gpio.o(.text.gpio_init)
    gpio_output_bit_get                      0x080004cd   Thumb Code    10  gd32c10x_gpio.o(.text.gpio_output_bit_get)
    init_led                                 0x080004d9   Thumb Code    48  main.o(.text.init_led)
    main                                     0x08000509   Thumb Code   204  main.o(.text.main)
    nvic_config                              0x080005d5   Thumb Code    22  delay.o(.text.nvic_config)
    nvic_irq_enable                          0x080005ed   Thumb Code   102  gd32c10x_misc_1.o(.text.nvic_irq_enable)
    nvic_priority_group_set                  0x08000655   Thumb Code    20  gd32c10x_misc_1.o(.text.nvic_priority_group_set)
    nvic_vector_table_set                    0x08000669   Thumb Code    24  gd32c10x_misc_1.o(.text.nvic_vector_table_set)
    off_led                                  0x08000681   Thumb Code    32  main.o(.text.off_led)
    on_led                                   0x080006a1   Thumb Code    32  main.o(.text.on_led)
    rcu_periph_clock_enable                  0x080006c1   Thumb Code    30  gd32c10x_rcu_1.o(.text.rcu_periph_clock_enable)
    rcu_periph_reset_disable                 0x080006e1   Thumb Code    32  gd32c10x_rcu_1.o(.text.rcu_periph_reset_disable)
    rcu_periph_reset_enable                  0x08000701   Thumb Code    30  gd32c10x_rcu_1.o(.text.rcu_periph_reset_enable)
    rom_addr_valid                           0x08000721   Thumb Code    24  main.o(.text.rom_addr_valid)
    tim4_config                              0x0800080d   Thumb Code    92  delay.o(.text.tim4_config)
    tim4_it                                  0x08000869   Thumb Code    26  delay.o(.text.tim4_it)
    timer_deinit                             0x08000885   Thumb Code   324  gd32c10x_timer.o(.text.timer_deinit)
    timer_enable                             0x080009c9   Thumb Code    10  gd32c10x_timer.o(.text.timer_enable)
    timer_init                               0x080009d5   Thumb Code   192  gd32c10x_timer.o(.text.timer_init)
    timer_interrupt_enable                   0x08000a95   Thumb Code     8  gd32c10x_timer.o(.text.timer_interrupt_enable)
    timer_interrupt_flag_clear               0x08000a9d   Thumb Code     6  gd32c10x_timer.o(.text.timer_interrupt_flag_clear)
    timer_interrupt_flag_get                 0x08000aa5   Thumb Code    22  gd32c10x_timer.o(.text.timer_interrupt_flag_get)
    timer_struct_para_init                   0x08000abd   Thumb Code    18  gd32c10x_timer.o(.text.timer_struct_para_init)
    upgrade_to_rom1                          0x08000ad1   Thumb Code   138  main.o(.text.upgrade_to_rom1)
    __scatterload_copy                       0x08000b5b   Thumb Code    14  handlers.o(i.__scatterload_copy)
    __scatterload_null                       0x08000b69   Thumb Code     2  handlers.o(i.__scatterload_null)
    __scatterload_zeroinit                   0x08000b6b   Thumb Code    14  handlers.o(i.__scatterload_zeroinit)
    Region$$Table$$Base                      0x08000b78   Number         0  anon$$obj.o(Region$$Table)
    Region$$Table$$Limit                     0x08000b88   Number         0  anon$$obj.o(Region$$Table)
    app_addr                                 0x20000000   Data           4  main.o(.bss.app_addr)
    tim4cycles                               0x20000004   Data           4  delay.o(.bss.tim4cycles)
    __initial_sp                             0x20000408   Data           0  startup_gd32c10x_1.o(STACK)



==============================================================================

Memory Map of the image

  Image Entry point : 0x08000151

  Load Region LR_IROM1 (Base: 0x08000000, Size: 0x00000b88, Max: 0x00001000, ABSOLUTE)

    Execution Region ER_IROM1 (Exec base: 0x08000000, Load base: 0x08000000, Size: 0x00000b88, Max: 0x00001000, ABSOLUTE)

    Exec Addr    Load Addr    Size         Type   Attr      Idx    E Section Name        Object

    0x08000000   0x08000000   0x00000150   Data   RO         1347    RESET               startup_gd32c10x_1.o
    0x08000150   0x08000150   0x00000000   Code   RO         1371  * .ARM.Collect$$$$00000000  mc_w.l(entry.o)
    0x08000150   0x08000150   0x00000004   Code   RO         1376    .ARM.Collect$$$$00000001  mc_w.l(entry2.o)
    0x08000154   0x08000154   0x00000004   Code   RO         1379    .ARM.Collect$$$$00000004  mc_w.l(entry5.o)
    0x08000158   0x08000158   0x00000000   Code   RO         1381    .ARM.Collect$$$$00000008  mc_w.l(entry7b.o)
    0x08000158   0x08000158   0x00000000   Code   RO         1383    .ARM.Collect$$$$0000000A  mc_w.l(entry8b.o)
    0x08000158   0x08000158   0x00000008   Code   RO         1384    .ARM.Collect$$$$0000000B  mc_w.l(entry9a.o)
    0x08000160   0x08000160   0x00000000   Code   RO         1386    .ARM.Collect$$$$0000000D  mc_w.l(entry10a.o)
    0x08000160   0x08000160   0x00000000   Code   RO         1388    .ARM.Collect$$$$0000000F  mc_w.l(entry11a.o)
    0x08000160   0x08000160   0x00000004   Code   RO         1377    .ARM.Collect$$$$00002712  mc_w.l(entry2.o)
    0x08000164   0x08000164   0x00000024   Code   RO         1348    .text               startup_gd32c10x_1.o
    0x08000188   0x08000188   0x00000024   Code   RO         1390    .text               mc_w.l(init.o)
    0x080001ac   0x080001ac   0x00000002   Code   RO           57    .text.BusFault_Handler  gd32c10x_it.o
    0x080001ae   0x080001ae   0x00000002   PAD
    0x080001b0   0x080001b0   0x00000002   Code   RO           63    .text.DebugMon_Handler  gd32c10x_it.o
    0x080001b2   0x080001b2   0x00000002   PAD
    0x080001b4   0x080001b4   0x00000002   Code   RO           53    .text.HardFault_Handler  gd32c10x_it.o
    0x080001b6   0x080001b6   0x00000002   PAD
    0x080001b8   0x080001b8   0x00000002   Code   RO           55    .text.MemManage_Handler  gd32c10x_it.o
    0x080001ba   0x080001ba   0x00000002   PAD
    0x080001bc   0x080001bc   0x00000002   Code   RO           51    .text.NMI_Handler   gd32c10x_it.o
    0x080001be   0x080001be   0x00000002   PAD
    0x080001c0   0x080001c0   0x00000002   Code   RO           65    .text.PendSV_Handler  gd32c10x_it.o
    0x080001c2   0x080001c2   0x00000002   PAD
    0x080001c4   0x080001c4   0x00000002   Code   RO           61    .text.SVC_Handler   gd32c10x_it.o
    0x080001c6   0x080001c6   0x00000002   PAD
    0x080001c8   0x080001c8   0x00000002   Code   RO           67    .text.SysTick_Handler  gd32c10x_it.o
    0x080001ca   0x080001ca   0x00000002   PAD
    0x080001cc   0x080001cc   0x00000054   Code   RO         1355    .text.SystemInit    system_gd32c10x_1.o
    0x08000220   0x08000220   0x00000026   Code   RO           69    .text.TIMER4_IRQHandler  gd32c10x_it.o
    0x08000246   0x08000246   0x00000002   PAD
    0x08000248   0x08000248   0x00000002   Code   RO           59    .text.UsageFault_Handler  gd32c10x_it.o
    0x0800024a   0x0800024a   0x00000002   PAD
    0x0800024c   0x0800024c   0x0000001a   Code   RO           30    .text.current_totaltick  delay.o
    0x08000266   0x08000266   0x00000002   PAD
    0x08000268   0x08000268   0x0000001a   Code   RO           28    .text.delay_ms      delay.o
    0x08000282   0x08000282   0x00000002   PAD
    0x08000284   0x08000284   0x00000032   Code   RO           12    .text.err_led       main.o
    0x080002b6   0x080002b6   0x00000002   PAD
    0x080002b8   0x080002b8   0x00000042   Code   RO            8    .text.flash_led     main.o
    0x080002fa   0x080002fa   0x00000002   PAD
    0x080002fc   0x080002fc   0x0000000c   Code   RO          618    .text.fmc_flag_clear  gd32c10x_fmc.o
    0x08000308   0x08000308   0x00000012   Code   RO          580    .text.fmc_lock      gd32c10x_fmc.o
    0x0800031a   0x0800031a   0x00000002   PAD
    0x0800031c   0x0800031c   0x00000036   Code   RO          584    .text.fmc_page_erase  gd32c10x_fmc.o
    0x08000352   0x08000352   0x00000002   PAD
    0x08000354   0x08000354   0x00000020   Code   RO          586    .text.fmc_ready_wait  gd32c10x_fmc.o
    0x08000374   0x08000374   0x00000032   Code   RO          628    .text.fmc_state_get  gd32c10x_fmc.o
    0x080003a6   0x080003a6   0x00000002   PAD
    0x080003a8   0x080003a8   0x00000026   Code   RO          578    .text.fmc_unlock    gd32c10x_fmc.o
    0x080003ce   0x080003ce   0x00000002   PAD
    0x080003d0   0x080003d0   0x00000030   Code   RO          592    .text.fmc_word_program  gd32c10x_fmc.o
    0x08000400   0x08000400   0x00000004   Code   RO          666    .text.gpio_bit_reset  gd32c10x_gpio.o
    0x08000404   0x08000404   0x00000004   Code   RO          664    .text.gpio_bit_set  gd32c10x_gpio.o
    0x08000408   0x08000408   0x0000000c   Code   RO          668    .text.gpio_bit_write  gd32c10x_gpio.o
    0x08000414   0x08000414   0x000000b6   Code   RO          662    .text.gpio_init     gd32c10x_gpio.o
    0x080004ca   0x080004ca   0x00000002   PAD
    0x080004cc   0x080004cc   0x0000000a   Code   RO          676    .text.gpio_output_bit_get  gd32c10x_gpio.o
    0x080004d6   0x080004d6   0x00000002   PAD
    0x080004d8   0x080004d8   0x00000030   Code   RO            4    .text.init_led      main.o
    0x08000508   0x08000508   0x000000cc   Code   RO           14    .text.main          main.o
    0x080005d4   0x080005d4   0x00000016   Code   RO           34    .text.nvic_config   delay.o
    0x080005ea   0x080005ea   0x00000002   PAD
    0x080005ec   0x080005ec   0x00000066   Code   RO          784    .text.nvic_irq_enable  gd32c10x_misc_1.o
    0x08000652   0x08000652   0x00000002   PAD
    0x08000654   0x08000654   0x00000014   Code   RO          782    .text.nvic_priority_group_set  gd32c10x_misc_1.o
    0x08000668   0x08000668   0x00000018   Code   RO          788    .text.nvic_vector_table_set  gd32c10x_misc_1.o
    0x08000680   0x08000680   0x00000020   Code   RO           10    .text.off_led       main.o
    0x080006a0   0x080006a0   0x00000020   Code   RO            6    .text.on_led        main.o
    0x080006c0   0x080006c0   0x0000001e   Code   RO          846    .text.rcu_periph_clock_enable  gd32c10x_rcu_1.o
    0x080006de   0x080006de   0x00000002   PAD
    0x080006e0   0x080006e0   0x00000020   Code   RO          856    .text.rcu_periph_reset_disable  gd32c10x_rcu_1.o
    0x08000700   0x08000700   0x0000001e   Code   RO          854    .text.rcu_periph_reset_enable  gd32c10x_rcu_1.o
    0x0800071e   0x0800071e   0x00000002   PAD
    0x08000720   0x08000720   0x00000018   Code   RO            2    .text.rom_addr_valid  main.o
    0x08000738   0x08000738   0x000000cc   Code   RO         1361    .text.system_clock_120m_hxtal  system_gd32c10x_1.o
    0x08000804   0x08000804   0x00000008   Code   RO         1357    .text.system_clock_config  system_gd32c10x_1.o
    0x0800080c   0x0800080c   0x0000005c   Code   RO           36    .text.tim4_config   delay.o
    0x08000868   0x08000868   0x0000001a   Code   RO           40    .text.tim4_it       delay.o
    0x08000882   0x08000882   0x00000002   PAD
    0x08000884   0x08000884   0x00000144   Code   RO         1064    .text.timer_deinit  gd32c10x_timer.o
    0x080009c8   0x080009c8   0x0000000a   Code   RO         1070    .text.timer_enable  gd32c10x_timer.o
    0x080009d2   0x080009d2   0x00000002   PAD
    0x080009d4   0x080009d4   0x000000c0   Code   RO         1068    .text.timer_init    gd32c10x_timer.o
    0x08000a94   0x08000a94   0x00000008   Code   RO         1194    .text.timer_interrupt_enable  gd32c10x_timer.o
    0x08000a9c   0x08000a9c   0x00000006   Code   RO         1200    .text.timer_interrupt_flag_clear  gd32c10x_timer.o
    0x08000aa2   0x08000aa2   0x00000002   PAD
    0x08000aa4   0x08000aa4   0x00000016   Code   RO         1198    .text.timer_interrupt_flag_get  gd32c10x_timer.o
    0x08000aba   0x08000aba   0x00000002   PAD
    0x08000abc   0x08000abc   0x00000012   Code   RO         1066    .text.timer_struct_para_init  gd32c10x_timer.o
    0x08000ace   0x08000ace   0x00000002   PAD
    0x08000ad0   0x08000ad0   0x0000008a   Code   RO           16    .text.upgrade_to_rom1  main.o
    0x08000b5a   0x08000b5a   0x0000000e   Code   RO         1394    i.__scatterload_copy  mc_w.l(handlers.o)
    0x08000b68   0x08000b68   0x00000002   Code   RO         1395    i.__scatterload_null  mc_w.l(handlers.o)
    0x08000b6a   0x08000b6a   0x0000000e   Code   RO         1396    i.__scatterload_zeroinit  mc_w.l(handlers.o)
    0x08000b78   0x08000b78   0x00000010   Data   RO         1393    Region$$Table       anon$$obj.o


    Execution Region RW_IRAM1 (Exec base: 0x20000000, Load base: 0x08000b88, Size: 0x00000408, Max: 0x00003000, ABSOLUTE)

    Exec Addr    Load Addr    Size         Type   Attr      Idx    E Section Name        Object

    0x20000000        -       0x00000004   Zero   RW           18    .bss.app_addr       main.o
    0x20000004        -       0x00000004   Zero   RW           42    .bss.tim4cycles     delay.o
    0x20000008        -       0x00000400   Zero   RW         1345    STACK               startup_gd32c10x_1.o


==============================================================================

Image component sizes


      Code (inc. data)   RO Data    RW Data    ZI Data      Debug   Object Name

       192          0          0          0          4       4595   delay.o
       252          0          0          0          0       7872   gd32c10x_fmc.o
       212          0          0          0          0       6031   gd32c10x_gpio.o
        56          0          0          0          0       1412   gd32c10x_it.o
       146          0          0          0          0       3322   gd32c10x_misc_1.o
        92          0          0          0          0      14651   gd32c10x_rcu_1.o
       580          0          0          0          0      19861   gd32c10x_timer.o
       594          0          0          0          4       3877   main.o
        36          8        336          0       1024        876   startup_gd32c10x_1.o
       296          0          0          0          0       2598   system_gd32c10x_1.o

    ----------------------------------------------------------------------
      2514          8        352          0       1032      65095   Object Totals
         0          0         16          0          0          0   (incl. Generated)
        58          0          0          0          0          0   (incl. Padding)

    ----------------------------------------------------------------------

      Code (inc. data)   RO Data    RW Data    ZI Data      Debug   Library Member Name

         0          0          0          0          0          0   entry.o
         0          0          0          0          0          0   entry10a.o
         0          0          0          0          0          0   entry11a.o
         8          4          0          0          0          0   entry2.o
         4          0          0          0          0          0   entry5.o
         0          0          0          0          0          0   entry7b.o
         0          0          0          0          0          0   entry8b.o
         8          4          0          0          0          0   entry9a.o
        30          0          0          0          0          0   handlers.o
        36          8          0          0          0         68   init.o

    ----------------------------------------------------------------------
        86         16          0          0          0         68   Library Totals
         0          0          0          0          0          0   (incl. Padding)

    ----------------------------------------------------------------------

      Code (inc. data)   RO Data    RW Data    ZI Data      Debug   Library Name

        86         16          0          0          0         68   mc_w.l

    ----------------------------------------------------------------------
        86         16          0          0          0         68   Library Totals

    ----------------------------------------------------------------------

==============================================================================


      Code (inc. data)   RO Data    RW Data    ZI Data      Debug   

      2600         24        352          0       1032      65207   Grand Totals
      2600         24        352          0       1032      65207   ELF Image Totals
      2600         24        352          0          0          0   ROM Totals

==============================================================================

    Total RO  Size (Code + RO Data)                 2952 (   2.88kB)
    Total RW  Size (RW Data + ZI Data)              1032 (   1.01kB)
    Total ROM Size (Code + RO Data + RW Data)       2952 (   2.88kB)

==============================================================================

