<html>
<body>
<pre>
<h1>µVision Build Log</h1>
<h2>Tool Versions:</h2>
IDE-Version: µVision V5.36.0.0
Copyright (C) 2021 ARM Ltd and ARM Germany GmbH. All rights reserved.
License Information: Tao AventadorGT3@outlook.com, Df, LIC=8VRJ7-EWW15-HLDCL-0GMIL-CHLE3-K88MM
 
Tool Versions:
Toolchain:       MDK-ARM Plus  Version: 5.36.0.0
Toolchain Path:  C:\Keil_v5\ARM\ARMCC\Bin
C Compiler:      Armcc.exe V5.06 update 7 (build 960)
Assembler:       Armasm.exe V5.06 update 7 (build 960)
Linker/Locator:  ArmLink.exe V5.06 update 7 (build 960)
Library Manager: ArmAr.exe V5.06 update 7 (build 960)
Hex Converter:   FromElf.exe V5.06 update 7 (build 960)
CPU DLL:         SARMCM3.DLL V5.36.0.0
Dialog DLL:      DCM.DLL V1.17.3.0
Target DLL:      CMSIS_AGDI.dll V1.33.0.0
Dialog DLL:      TCM.DLL V1.53.0.0
 
<h2>Project:</h2>
F:\LYSGZS\DfConnector-V1\APP1\Template\Keil_project\Project.uvprojx
Project File Date:  03/27/2023

<h2>Output:</h2>
*** Using Compiler 'V5.06 update 7 (build 960)', folder: 'C:\Keil_v5\ARM\ARMCC\Bin'
Rebuild target 'GD32C10X'
compiling WIFI.c...
compiling gd32c10x_it.c...
..\gd32c10x_it.c(189): warning:  #188-D: enumerated type mixed with another type
  				vci_ctl_type_header.type = 0xffffffff;
..\gd32c10x_it.c(189): warning:  #69-D: integer conversion resulted in truncation
  				vci_ctl_type_header.type = 0xffffffff;
..\gd32c10x_it.c: 2 warnings, 0 errors
compiling VCI.c...
..\VCI.c(50): warning:  #177-D: variable "i"  was declared but never referenced
  		u16 i;
..\VCI.c(66): warning:  #188-D: enumerated type mixed with another type
  								can_set_id_filter_extended(s->filter_no, s->id1, s->id2, s->can_no, s->enable);
..\VCI.c(68): warning:  #188-D: enumerated type mixed with another type
  								can_set_id_filter_standard(s->filter_no, s->id1, s->id2, s->id3, s->id4, s->can_no, s->enable);
..\VCI.c(266): warning:  #1-D: last line of file ends without a newline
  }
..\VCI.c(222): warning:  #177-D: variable "dlen"  was declared but never referenced
  		u16 dlen;
..\VCI.c(223): warning:  #177-D: variable "i"  was declared but never referenced
  		u16 i;
..\VCI.c: 6 warnings, 0 errors
compiling gd32c10x_crc.c...
compiling buzzer.c...
..\buzzer.c(94): warning:  #1-D: last line of file ends without a newline
  }
..\buzzer.c(40): warning:  #177-D: variable "bpm"  was declared but never referenced
  static u16 bpm, curr_tick, curr_tick_total;
..\buzzer.c: 2 warnings, 0 errors
compiling gd32c10x_ctc.c...
compiling system_gd32c10x.c...
compiling delay.c...
..\delay.c(15): warning:  #1295-D: Deprecated declaration current_totaltick - give arg types
  uint32_t current_totaltick();
..\delay.c(43): warning:  #177-D: variable "cur"  was declared but never referenced
  		uint32_t cur;
..\delay.c(182): warning:  #188-D: enumerated type mixed with another type
  						bit = SET - gpio_output_bit_get(GPIOC,GPIO_PIN_14);
..\delay.c: 3 warnings, 0 errors
compiling gd32c10x_bkp.c...
compiling Messages.c...
..\Messages.c(151): warning:  #1-D: last line of file ends without a newline
  }
..\Messages.c(8): warning:  #177-D: variable "can_send_serial"  was declared but never referenced
  static u8 can_send_serial = 0;
..\Messages.c: 2 warnings, 0 errors
compiling main.c...
..\main.c(62): warning:  #188-D: enumerated type mixed with another type
  				gpio_bit_write(GPIOC, GPIO_PIN_13, i);
..\main.c(240): warning:  #188-D: enumerated type mixed with another type
      cp.auto_retrans = can_setting_auto_retrans[0];
..\main.c(246): warning:  #188-D: enumerated type mixed with another type
      cp.auto_retrans = can_setting_auto_retrans[1];
..\main.c(257): warning:  #188-D: enumerated type mixed with another type
      fp.fd_frame = can_setting_fd_flag[0];
..\main.c(268): warning:  #188-D: enumerated type mixed with another type
      fp.fd_frame = can_setting_fd_flag[1];
..\main.c(230): warning:  #177-D: variable "can_filter"  was declared but never referenced
  		can_filter_parameter_struct can_filter;
..\main.c: 6 warnings, 0 errors
compiling gd32c10x_dac.c...
compiling gd32c10x_adc.c...
compiling M8266WIFIDrv.c...
compiling gd32c10x_can.c...
..\..\Firmware\GD32C10x_standard_peripheral\Source\gd32c10x_can.c(1684): warning:  #111-D: statement is unreachable
  			break;
..\..\Firmware\GD32C10x_standard_peripheral\Source\gd32c10x_can.c(1873): warning:  #111-D: statement is unreachable
  			break;
..\..\Firmware\GD32C10x_standard_peripheral\Source\gd32c10x_can.c: 2 warnings, 0 errors
compiling gd32c10x_dbg.c...
compiling gd32c10x_dma.c...
compiling gd32c10x_exmc.c...
compiling gd32c10x_exti.c...
compiling gd32c10x_fwdgt.c...
compiling gd32c10x_gpio.c...
compiling gd32c10x_fmc.c...
assembling startup_gd32c10x.s...
compiling gd32c10x_misc.c...
compiling gd32c10x_pmu.c...
compiling gd32c10x_rtc.c...
compiling gd32c10x_wwdgt.c...
compiling gd32c10x_i2c.c...
compiling gd32c10x_usart.c...
compiling gd32c10x_spi.c...
compiling gd32c10x_rcu.c...
compiling gd32c10x_timer.c...
compiling gd32c10x_eval.c...
linking...
Program Size: Code=20328 RO-data=504 RW-data=400 ZI-data=14352  
FromELF: creating hex file...
".\output\Project.axf" - 0 Error(s), 23 Warning(s).

<h2>Software Packages used:</h2>

Package Vendor: GigaDevice
                https://gd32mcu.com/data/documents/pack/GigaDevice.GD32C10x_DFP.1.0.1.pack
                GigaDevice.GD32C10x_DFP.1.0.1
                GigaDevice GD32C10x Series Device Support and Examples

<h2>Collection of Component include folders:</h2>
  C:\Users\Avent\AppData\Local\Arm\Packs\GigaDevice\GD32C10x_DFP\1.0.1\Device\Include

<h2>Collection of Component Files used:</h2>
Build Time Elapsed:  00:00:12
</pre>
</body>
</html>
